******************************************************************************
                  TI ARM Linker PC v20.2.7                     
******************************************************************************
>> Linked Mon Feb  6 14:42:16 2023

OUTPUT FILE NAME:   <AESA.out>
ENTRY POINT SYMBOL: "_c_int00_noargs"  address: 00000a1d


MEMORY CONFIGURATION

         name            origin    length      used     unused   attr    fill
----------------------  --------  ---------  --------  --------  ----  --------
  MAIN                  00000000   00200000  00000abe  001ff542  R  X
  INFO                  00200000   00008000  00000000  00008000  R  X
  SRAM_CODE             01000000   00040000  00000206  0003fdfa  RW X
  SRAM_DATA             20000000   00040000  00000206  0003fdfa  RW  


SEGMENT ALLOCATION MAP

run origin  load origin   length   init length attrs members
----------  ----------- ---------- ----------- ----- -------
00000000    00000000    00000ac4   00000ac4    r-x
  00000000    00000000    000000e8   000000e8    r-- .intvecs
  000000e8    000000e8    000009ba   000009ba    r-x .text
  00000aa8    00000aa8    0000001c   0000001c    r-- .cinit
20000000    20000000    00000006   00000000    rw-
  20000000    20000000    00000006   00000000    rw- .data
2003fe00    2003fe00    00000200   00000000    rw-
  2003fe00    2003fe00    00000200   00000000    rw- .stack


SECTION ALLOCATION MAP

 output                                  attributes/
section   page    origin      length       input sections
--------  ----  ----------  ----------   ----------------
.intvecs   0    00000000    000000e8     
                  00000000    000000e8     startup_msp432p4111_ccs.obj (.intvecs:retain)

.text      0    000000e8    000009ba     
                  000000e8    00000350     system_msp432p4111.obj (.text)
                  00000438    00000136     rtsv7M4_T_le_v4SPD16_eabi.lib : fd_div_t2.asm.obj (.text)
                  0000056e    000000fc                                   : fd_mul_t2.asm.obj (.text)
                  0000066a    00000002     --HOLE-- [fill = 0]
                  0000066c    000000e8     csHFXT.obj (.text)
                  00000754    000000d0     servoDriver.obj (.text)
                  00000824    0000009c     rtsv7M4_T_le_v4SPD16_eabi.lib : memcpy_t2.asm.obj (.text)
                  000008c0    00000068                                   : copy_decompress_lzss.c.obj (.text:decompress:lzss:__TI_decompress_lzss)
                  00000928    00000068     main.obj (.text)
                  00000990    00000048     rtsv7M4_T_le_v4SPD16_eabi.lib : fd_toi_t2.asm.obj (.text)
                  000009d8    00000044                                   : autoinit.c.obj (.text:__TI_auto_init_nobinit_nopinit:__TI_auto_init_nobinit_nopinit)
                  00000a1c    00000034                                   : boot_cortex_m.c.obj (.text:_c_int00_noargs:_c_int00_noargs)
                  00000a50    0000002e                                   : i_tofd_t2.asm.obj (.text)
                  00000a7e    0000000e                                   : copy_decompress_none.c.obj (.text:decompress:none:__TI_decompress_none)
                  00000a8c    0000000e     startup_msp432p4111_ccs.obj (.text)
                  00000a9a    00000004     rtsv7M4_T_le_v4SPD16_eabi.lib : pre_init.c.obj (.text:_system_pre_init)
                  00000a9e    00000004                                   : exit.c.obj (.text:abort:abort)

.cinit     0    00000aa8    0000001c     
                  00000aa8    0000000a     (.cinit..data.load) [load image, compression = lzss]
                  00000ab2    00000002     --HOLE-- [fill = 0]
                  00000ab4    00000008     (__TI_handler_table)
                  00000abc    00000008     (__TI_cinit_table)

.init_array 
*          0    00000000    00000000     UNINITIALIZED

.binit     0    00000000    00000000     

.data      0    20000000    00000006     UNINITIALIZED
                  20000000    00000004     system_msp432p4111.obj (.data)
                  20000004    00000002     servoDriver.obj (.data)

.stack     0    2003fe00    00000200     UNINITIALIZED
                  2003fe00    00000004     rtsv7M4_T_le_v4SPD16_eabi.lib : boot_cortex_m.c.obj (.stack)
                  2003fe04    000001fc     --HOLE--

__llvm_prf_cnts 
*          0    20000000    00000000     UNINITIALIZED

MODULE SUMMARY

       Module                        code   ro data   rw data
       ------                        ----   -------   -------
    .\
       system_msp432p4111.obj        848    0         8      
       startup_msp432p4111_ccs.obj   14     232       0      
       csHFXT.obj                    232    0         0      
       main.obj                      104    0         0      
    +--+-----------------------------+------+---------+---------+
       Total:                        1198   232       8      
                                                             
    .\lib\
       servoDriver.obj               208    0         4      
    +--+-----------------------------+------+---------+---------+
       Total:                        208    0         4      
                                                             
    C:\ti\ccs1210\ccs\tools\compiler\ti-cgt-arm_20.2.7.LTS\lib\rtsv7M4_T_le_v4SPD16_eabi.lib
       fd_div_t2.asm.obj             310    0         0      
       fd_mul_t2.asm.obj             252    0         0      
       memcpy_t2.asm.obj             156    0         0      
       copy_decompress_lzss.c.obj    104    0         0      
       fd_toi_t2.asm.obj             72     0         0      
       autoinit.c.obj                68     0         0      
       boot_cortex_m.c.obj           52     0         0      
       i_tofd_t2.asm.obj             46     0         0      
       copy_decompress_none.c.obj    14     0         0      
       exit.c.obj                    4      0         0      
       pre_init.c.obj                4      0         0      
    +--+-----------------------------+------+---------+---------+
       Total:                        1082   0         0      
                                                             
       Stack:                        0      0         1024   
       Linker Generated:             0      26        0      
    +--+-----------------------------+------+---------+---------+
       Grand Total:                  2488   258       1036   


LINKER GENERATED COPY TABLES

__TI_cinit_table @ 00000abc records: 1, size/record: 8, table size: 8
	.data: load addr=00000aa8, load size=0000000a bytes, run addr=20000000, run size=00000006 bytes, compression=lzss


LINKER GENERATED HANDLER TABLE

__TI_handler_table @ 00000ab4 records: 2, size/record: 4, table size: 8
	index: 0, handler: __TI_decompress_lzss
	index: 1, handler: __TI_decompress_none


GLOBAL SYMBOLS: SORTED ALPHABETICALLY BY Name 

address   name                          
-------   ----                          
00000a99  ADC14_IRQHandler              
00000a99  AES256_IRQHandler             
00000a99  BusFault_Handler              
00000a9f  C$$EXIT                       
00000a99  COMP_E0_IRQHandler            
00000a99  COMP_E1_IRQHandler            
00000a99  CS_IRQHandler                 
00000a99  DMA_ERR_IRQHandler            
00000a99  DMA_INT0_IRQHandler           
00000a99  DMA_INT1_IRQHandler           
00000a99  DMA_INT2_IRQHandler           
00000a99  DMA_INT3_IRQHandler           
00000a99  DebugMon_Handler              
00000a99  Default_Handler               
00000a99  EUSCIA0_IRQHandler            
00000a99  EUSCIA1_IRQHandler            
00000a99  EUSCIA2_IRQHandler            
00000a99  EUSCIA3_IRQHandler            
00000a99  EUSCIB0_IRQHandler            
00000a99  EUSCIB1_IRQHandler            
00000a99  EUSCIB2_IRQHandler            
00000a99  EUSCIB3_IRQHandler            
00000a99  FLCTL_A_IRQHandler            
00000a99  FPU_IRQHandler                
00000a99  HardFault_Handler             
00000a99  LCD_F_IRQHandler              
00000a99  MemManage_Handler             
00000a99  NMI_Handler                   
00000a99  PCM_IRQHandler                
00000a99  PORT1_IRQHandler              
00000a99  PORT2_IRQHandler              
00000a99  PORT3_IRQHandler              
00000a99  PORT4_IRQHandler              
00000a99  PORT5_IRQHandler              
00000a99  PORT6_IRQHandler              
00000a99  PSS_IRQHandler                
00000a99  PendSV_Handler                
00000a99  RTC_C_IRQHandler              
00000a8d  Reset_Handler                 
00000a99  SVC_Handler                   
00000a99  SysTick_Handler               
20000000  SystemCoreClock               
000000e9  SystemCoreClockUpdate         
00000361  SystemInit                    
00000a99  T32_INT1_IRQHandler           
00000a99  T32_INT2_IRQHandler           
00000a99  T32_INTC_IRQHandler           
00000a99  TA0_0_IRQHandler              
00000a99  TA0_N_IRQHandler              
00000a99  TA1_0_IRQHandler              
00000a99  TA1_N_IRQHandler              
00000a99  TA2_0_IRQHandler              
00000a99  TA2_N_IRQHandler              
00000a99  TA3_0_IRQHandler              
00000a99  TA3_N_IRQHandler              
00000a99  UsageFault_Handler            
4000480c  WDTCTL_SYM                    
00000a99  WDT_A_IRQHandler              
20040000  __STACK_END                   
00000200  __STACK_SIZE                  
00000abc  __TI_CINIT_Base               
00000ac4  __TI_CINIT_Limit              
00000ab4  __TI_Handler_Table_Base       
00000abc  __TI_Handler_Table_Limit      
000009d9  __TI_auto_init_nobinit_nopinit
000008c1  __TI_decompress_lzss          
00000a7f  __TI_decompress_none          
ffffffff  __TI_pprof_out_hndl           
ffffffff  __TI_prof_data_size           
ffffffff  __TI_prof_data_start          
00000000  __TI_static_base__            
00000991  __aeabi_d2iz                  
00000439  __aeabi_ddiv                  
0000056f  __aeabi_dmul                  
00000a51  __aeabi_i2d                   
00000825  __aeabi_memcpy                
00000825  __aeabi_memcpy4               
00000825  __aeabi_memcpy8               
ffffffff  __binit__                     
ffffffff  __c_args__                    
UNDEFED   __mpu_init                    
2003fe00  __stack                       
20000000  __start___llvm_prf_cnts       
20000000  __stop___llvm_prf_cnts        
00000a1d  _c_int00_noargs               
UNDEFED   _system_post_cinit            
00000a9b  _system_pre_init              
00000a9f  abort                         
ffffffff  binit                         
0000066d  configHFXT                    
0000070d  error                         
0000079f  incrementTenDegree            
00000755  initServoMotor                
00000000  interruptVectors              
00000929  main                          
00000825  memcpy                        
20000004  pulseWidthTicks               
000007bf  setServoAngle                 


GLOBAL SYMBOLS: SORTED BY Symbol Address 

address   name                          
-------   ----                          
00000000  __TI_static_base__            
00000000  interruptVectors              
000000e9  SystemCoreClockUpdate         
00000200  __STACK_SIZE                  
00000361  SystemInit                    
00000439  __aeabi_ddiv                  
0000056f  __aeabi_dmul                  
0000066d  configHFXT                    
0000070d  error                         
00000755  initServoMotor                
0000079f  incrementTenDegree            
000007bf  setServoAngle                 
00000825  __aeabi_memcpy                
00000825  __aeabi_memcpy4               
00000825  __aeabi_memcpy8               
00000825  memcpy                        
000008c1  __TI_decompress_lzss          
00000929  main                          
00000991  __aeabi_d2iz                  
000009d9  __TI_auto_init_nobinit_nopinit
00000a1d  _c_int00_noargs               
00000a51  __aeabi_i2d                   
00000a7f  __TI_decompress_none          
00000a8d  Reset_Handler                 
00000a99  ADC14_IRQHandler              
00000a99  AES256_IRQHandler             
00000a99  BusFault_Handler              
00000a99  COMP_E0_IRQHandler            
00000a99  COMP_E1_IRQHandler            
00000a99  CS_IRQHandler                 
00000a99  DMA_ERR_IRQHandler            
00000a99  DMA_INT0_IRQHandler           
00000a99  DMA_INT1_IRQHandler           
00000a99  DMA_INT2_IRQHandler           
00000a99  DMA_INT3_IRQHandler           
00000a99  DebugMon_Handler              
00000a99  Default_Handler               
00000a99  EUSCIA0_IRQHandler            
00000a99  EUSCIA1_IRQHandler            
00000a99  EUSCIA2_IRQHandler            
00000a99  EUSCIA3_IRQHandler            
00000a99  EUSCIB0_IRQHandler            
00000a99  EUSCIB1_IRQHandler            
00000a99  EUSCIB2_IRQHandler            
00000a99  EUSCIB3_IRQHandler            
00000a99  FLCTL_A_IRQHandler            
00000a99  FPU_IRQHandler                
00000a99  HardFault_Handler             
00000a99  LCD_F_IRQHandler              
00000a99  MemManage_Handler             
00000a99  NMI_Handler                   
00000a99  PCM_IRQHandler                
00000a99  PORT1_IRQHandler              
00000a99  PORT2_IRQHandler              
00000a99  PORT3_IRQHandler              
00000a99  PORT4_IRQHandler              
00000a99  PORT5_IRQHandler              
00000a99  PORT6_IRQHandler              
00000a99  PSS_IRQHandler                
00000a99  PendSV_Handler                
00000a99  RTC_C_IRQHandler              
00000a99  SVC_Handler                   
00000a99  SysTick_Handler               
00000a99  T32_INT1_IRQHandler           
00000a99  T32_INT2_IRQHandler           
00000a99  T32_INTC_IRQHandler           
00000a99  TA0_0_IRQHandler              
00000a99  TA0_N_IRQHandler              
00000a99  TA1_0_IRQHandler              
00000a99  TA1_N_IRQHandler              
00000a99  TA2_0_IRQHandler              
00000a99  TA2_N_IRQHandler              
00000a99  TA3_0_IRQHandler              
00000a99  TA3_N_IRQHandler              
00000a99  UsageFault_Handler            
00000a99  WDT_A_IRQHandler              
00000a9b  _system_pre_init              
00000a9f  C$$EXIT                       
00000a9f  abort                         
00000ab4  __TI_Handler_Table_Base       
00000abc  __TI_CINIT_Base               
00000abc  __TI_Handler_Table_Limit      
00000ac4  __TI_CINIT_Limit              
20000000  SystemCoreClock               
20000000  __start___llvm_prf_cnts       
20000000  __stop___llvm_prf_cnts        
20000004  pulseWidthTicks               
2003fe00  __stack                       
20040000  __STACK_END                   
4000480c  WDTCTL_SYM                    
ffffffff  __TI_pprof_out_hndl           
ffffffff  __TI_prof_data_size           
ffffffff  __TI_prof_data_start          
ffffffff  __binit__                     
ffffffff  __c_args__                    
ffffffff  binit                         
UNDEFED   __mpu_init                    
UNDEFED   _system_post_cinit            

[98 symbols]
