<?xml version="1.0" encoding="ISO-8859-1" ?>
<link_info>
   <banner>TI ARM Linker PC v20.2.7.LTS</banner>
   <copyright>Copyright (c) 1996-2018 Texas Instruments Incorporated</copyright>
   <link_time>0x63e49daa</link_time>
   <link_errors>0x0</link_errors>
   <output_file>AESA.out</output_file>
   <entry_point>
      <name>_c_int00_noargs</name>
      <address>0x2735</address>
   </entry_point>
   <input_file_list>
      <input_file id="fl-2">
         <path>.\</path>
         <kind>object</kind>
         <file>csHFXT.obj</file>
         <name>csHFXT.obj</name>
      </input_file>
      <input_file id="fl-3">
         <path>.\</path>
         <kind>object</kind>
         <file>main.obj</file>
         <name>main.obj</name>
      </input_file>
      <input_file id="fl-4">
         <path>.\</path>
         <kind>object</kind>
         <file>startup_msp432p4111_ccs.obj</file>
         <name>startup_msp432p4111_ccs.obj</name>
      </input_file>
      <input_file id="fl-5">
         <path>.\</path>
         <kind>object</kind>
         <file>system_msp432p4111.obj</file>
         <name>system_msp432p4111.obj</name>
      </input_file>
      <input_file id="fl-6">
         <path>.\lib\</path>
         <kind>object</kind>
         <file>ADC.obj</file>
         <name>ADC.obj</name>
      </input_file>
      <input_file id="fl-7">
         <path>.\lib\</path>
         <kind>object</kind>
         <file>ingest.obj</file>
         <name>ingest.obj</name>
      </input_file>
      <input_file id="fl-8">
         <path>.\lib\</path>
         <kind>object</kind>
         <file>masterClock.obj</file>
         <name>masterClock.obj</name>
      </input_file>
      <input_file id="fl-9">
         <path>.\lib\</path>
         <kind>object</kind>
         <file>serial.obj</file>
         <name>serial.obj</name>
      </input_file>
      <input_file id="fl-a">
         <path>.\lib\</path>
         <kind>object</kind>
         <file>servoDriver.obj</file>
         <name>servoDriver.obj</name>
      </input_file>
      <input_file id="fl-b">
         <path>.\lib\</path>
         <kind>object</kind>
         <file>transmitter.obj</file>
         <name>transmitter.obj</name>
      </input_file>
      <input_file id="fl-f">
         <kind>object</kind>
         <file>&lt;internal&gt;</file>
         <name>&lt;internal&gt;</name>
      </input_file>
      <input_file id="fl-c5">
         <path>C:\ti\ccs1210\ccs\tools\compiler\ti-cgt-arm_20.2.7.LTS\lib\</path>
         <kind>archive</kind>
         <file>rtsv7M4_T_le_v4SPD16_eabi.lib</file>
         <name>vsprintf.c.obj</name>
      </input_file>
      <input_file id="fl-c6">
         <path>C:\ti\ccs1210\ccs\tools\compiler\ti-cgt-arm_20.2.7.LTS\lib\</path>
         <kind>archive</kind>
         <file>rtsv7M4_T_le_v4SPD16_eabi.lib</file>
         <name>fd_div_t2.asm.obj</name>
      </input_file>
      <input_file id="fl-c7">
         <path>C:\ti\ccs1210\ccs\tools\compiler\ti-cgt-arm_20.2.7.LTS\lib\</path>
         <kind>archive</kind>
         <file>rtsv7M4_T_le_v4SPD16_eabi.lib</file>
         <name>fd_mul_t2.asm.obj</name>
      </input_file>
      <input_file id="fl-c8">
         <path>C:\ti\ccs1210\ccs\tools\compiler\ti-cgt-arm_20.2.7.LTS\lib\</path>
         <kind>archive</kind>
         <file>rtsv7M4_T_le_v4SPD16_eabi.lib</file>
         <name>fd_toi_t2.asm.obj</name>
      </input_file>
      <input_file id="fl-c9">
         <path>C:\ti\ccs1210\ccs\tools\compiler\ti-cgt-arm_20.2.7.LTS\lib\</path>
         <kind>archive</kind>
         <file>rtsv7M4_T_le_v4SPD16_eabi.lib</file>
         <name>i_tofd_t2.asm.obj</name>
      </input_file>
      <input_file id="fl-ca">
         <path>C:\ti\ccs1210\ccs\tools\compiler\ti-cgt-arm_20.2.7.LTS\lib\</path>
         <kind>archive</kind>
         <file>rtsv7M4_T_le_v4SPD16_eabi.lib</file>
         <name>memcpy_t2.asm.obj</name>
      </input_file>
      <input_file id="fl-cb">
         <path>C:\ti\ccs1210\ccs\tools\compiler\ti-cgt-arm_20.2.7.LTS\lib\</path>
         <kind>archive</kind>
         <file>rtsv7M4_T_le_v4SPD16_eabi.lib</file>
         <name>copy_zero_init.c.obj</name>
      </input_file>
      <input_file id="fl-cc">
         <path>C:\ti\ccs1210\ccs\tools\compiler\ti-cgt-arm_20.2.7.LTS\lib\</path>
         <kind>archive</kind>
         <file>rtsv7M4_T_le_v4SPD16_eabi.lib</file>
         <name>copy_decompress_none.c.obj</name>
      </input_file>
      <input_file id="fl-cd">
         <path>C:\ti\ccs1210\ccs\tools\compiler\ti-cgt-arm_20.2.7.LTS\lib\</path>
         <kind>archive</kind>
         <file>rtsv7M4_T_le_v4SPD16_eabi.lib</file>
         <name>copy_decompress_lzss.c.obj</name>
      </input_file>
      <input_file id="fl-ce">
         <path>C:\ti\ccs1210\ccs\tools\compiler\ti-cgt-arm_20.2.7.LTS\lib\</path>
         <kind>archive</kind>
         <file>rtsv7M4_T_le_v4SPD16_eabi.lib</file>
         <name>boot_cortex_m.c.obj</name>
      </input_file>
      <input_file id="fl-cf">
         <path>C:\ti\ccs1210\ccs\tools\compiler\ti-cgt-arm_20.2.7.LTS\lib\</path>
         <kind>archive</kind>
         <file>rtsv7M4_T_le_v4SPD16_eabi.lib</file>
         <name>_printfi.c.obj</name>
      </input_file>
      <input_file id="fl-d0">
         <path>C:\ti\ccs1210\ccs\tools\compiler\ti-cgt-arm_20.2.7.LTS\lib\</path>
         <kind>archive</kind>
         <file>rtsv7M4_T_le_v4SPD16_eabi.lib</file>
         <name>fd_add_t2.asm.obj</name>
      </input_file>
      <input_file id="fl-d1">
         <path>C:\ti\ccs1210\ccs\tools\compiler\ti-cgt-arm_20.2.7.LTS\lib\</path>
         <kind>archive</kind>
         <file>rtsv7M4_T_le_v4SPD16_eabi.lib</file>
         <name>fd_cmp_t2.asm.obj</name>
      </input_file>
      <input_file id="fl-d2">
         <path>C:\ti\ccs1210\ccs\tools\compiler\ti-cgt-arm_20.2.7.LTS\lib\</path>
         <kind>archive</kind>
         <file>rtsv7M4_T_le_v4SPD16_eabi.lib</file>
         <name>memset_t2.asm.obj</name>
      </input_file>
      <input_file id="fl-d3">
         <path>C:\ti\ccs1210\ccs\tools\compiler\ti-cgt-arm_20.2.7.LTS\lib\</path>
         <kind>archive</kind>
         <file>rtsv7M4_T_le_v4SPD16_eabi.lib</file>
         <name>ull_div_t2.asm.obj</name>
      </input_file>
      <input_file id="fl-d4">
         <path>C:\ti\ccs1210\ccs\tools\compiler\ti-cgt-arm_20.2.7.LTS\lib\</path>
         <kind>archive</kind>
         <file>rtsv7M4_T_le_v4SPD16_eabi.lib</file>
         <name>autoinit.c.obj</name>
      </input_file>
      <input_file id="fl-d5">
         <path>C:\ti\ccs1210\ccs\tools\compiler\ti-cgt-arm_20.2.7.LTS\lib\</path>
         <kind>archive</kind>
         <file>rtsv7M4_T_le_v4SPD16_eabi.lib</file>
         <name>pre_init.c.obj</name>
      </input_file>
      <input_file id="fl-d6">
         <path>C:\ti\ccs1210\ccs\tools\compiler\ti-cgt-arm_20.2.7.LTS\lib\</path>
         <kind>archive</kind>
         <file>rtsv7M4_T_le_v4SPD16_eabi.lib</file>
         <name>cpy_tbl.c.obj</name>
      </input_file>
      <input_file id="fl-d7">
         <path>C:\ti\ccs1210\ccs\tools\compiler\ti-cgt-arm_20.2.7.LTS\lib\</path>
         <kind>archive</kind>
         <file>rtsv7M4_T_le_v4SPD16_eabi.lib</file>
         <name>exit.c.obj</name>
      </input_file>
      <input_file id="fl-d8">
         <path>C:\ti\ccs1210\ccs\tools\compiler\ti-cgt-arm_20.2.7.LTS\lib\</path>
         <kind>archive</kind>
         <file>rtsv7M4_T_le_v4SPD16_eabi.lib</file>
         <name>_lock.c.obj</name>
      </input_file>
      <input_file id="fl-d9">
         <path>C:\ti\ccs1210\ccs\tools\compiler\ti-cgt-arm_20.2.7.LTS\lib\</path>
         <kind>archive</kind>
         <file>rtsv7M4_T_le_v4SPD16_eabi.lib</file>
         <name>_ltoa.c.obj</name>
      </input_file>
      <input_file id="fl-da">
         <path>C:\ti\ccs1210\ccs\tools\compiler\ti-cgt-arm_20.2.7.LTS\lib\</path>
         <kind>archive</kind>
         <file>rtsv7M4_T_le_v4SPD16_eabi.lib</file>
         <name>args_main.c.obj</name>
      </input_file>
      <input_file id="fl-db">
         <path>C:\ti\ccs1210\ccs\tools\compiler\ti-cgt-arm_20.2.7.LTS\lib\</path>
         <kind>archive</kind>
         <file>rtsv7M4_T_le_v4SPD16_eabi.lib</file>
         <name>atoi.c.obj</name>
      </input_file>
      <input_file id="fl-dc">
         <path>C:\ti\ccs1210\ccs\tools\compiler\ti-cgt-arm_20.2.7.LTS\lib\</path>
         <kind>archive</kind>
         <file>rtsv7M4_T_le_v4SPD16_eabi.lib</file>
         <name>ctype.c.obj</name>
      </input_file>
      <input_file id="fl-dd">
         <path>C:\ti\ccs1210\ccs\tools\compiler\ti-cgt-arm_20.2.7.LTS\lib\</path>
         <kind>archive</kind>
         <file>rtsv7M4_T_le_v4SPD16_eabi.lib</file>
         <name>memccpy.c.obj</name>
      </input_file>
      <input_file id="fl-de">
         <path>C:\ti\ccs1210\ccs\tools\compiler\ti-cgt-arm_20.2.7.LTS\lib\</path>
         <kind>archive</kind>
         <file>rtsv7M4_T_le_v4SPD16_eabi.lib</file>
         <name>strchr.c.obj</name>
      </input_file>
      <input_file id="fl-df">
         <path>C:\ti\ccs1210\ccs\tools\compiler\ti-cgt-arm_20.2.7.LTS\lib\</path>
         <kind>archive</kind>
         <file>rtsv7M4_T_le_v4SPD16_eabi.lib</file>
         <name>strlen.c.obj</name>
      </input_file>
      <input_file id="fl-e0">
         <path>C:\ti\ccs1210\ccs\tools\compiler\ti-cgt-arm_20.2.7.LTS\lib\</path>
         <kind>archive</kind>
         <file>rtsv7M4_T_le_v4SPD16_eabi.lib</file>
         <name>errno.c.obj</name>
      </input_file>
      <input_file id="fl-e1">
         <path>C:\ti\ccs1210\ccs\tools\compiler\ti-cgt-arm_20.2.7.LTS\lib\</path>
         <kind>archive</kind>
         <file>rtsv7M4_T_le_v4SPD16_eabi.lib</file>
         <name>wcslen.c.obj</name>
      </input_file>
      <input_file id="fl-e2">
         <path>C:\ti\ccs1210\ccs\tools\compiler\ti-cgt-arm_20.2.7.LTS\lib\</path>
         <kind>archive</kind>
         <file>rtsv7M4_T_le_v4SPD16_eabi.lib</file>
         <name>s_frexp.c.obj</name>
      </input_file>
      <input_file id="fl-e3">
         <path>C:\ti\ccs1210\ccs\tools\compiler\ti-cgt-arm_20.2.7.LTS\lib\</path>
         <kind>archive</kind>
         <file>rtsv7M4_T_le_v4SPD16_eabi.lib</file>
         <name>s_scalbn.c.obj</name>
      </input_file>
      <input_file id="fl-e4">
         <path>C:\ti\ccs1210\ccs\tools\compiler\ti-cgt-arm_20.2.7.LTS\lib\</path>
         <kind>archive</kind>
         <file>rtsv7M4_T_le_v4SPD16_eabi.lib</file>
         <name>div0.asm.obj</name>
      </input_file>
      <input_file id="fl-e5">
         <path>C:\ti\ccs1210\ccs\tools\compiler\ti-cgt-arm_20.2.7.LTS\lib\</path>
         <kind>archive</kind>
         <file>rtsv7M4_T_le_v4SPD16_eabi.lib</file>
         <name>s_copysign.c.obj</name>
      </input_file>
   </input_file_list>
   <object_component_list>
      <object_component id="oc-26">
         <name>.intvecs:retain</name>
         <load_address>0x0</load_address>
         <run_address>0x0</run_address>
         <size>0xe8</size>
         <input_file_ref idref="fl-4"/>
      </object_component>
      <object_component id="oc-172">
         <name>.text:__TI_printfi</name>
         <load_address>0xe8</load_address>
         <run_address>0xe8</run_address>
         <size>0xa4e</size>
         <input_file_ref idref="fl-cf"/>
      </object_component>
      <object_component id="oc-2d7">
         <name>.text</name>
         <load_address>0xb36</load_address>
         <run_address>0xb36</run_address>
         <size>0x2</size>
         <input_file_ref idref="fl-e4"/>
      </object_component>
      <object_component id="oc-b7">
         <name>.text</name>
         <load_address>0xb38</load_address>
         <run_address>0xb38</run_address>
         <size>0x350</size>
         <input_file_ref idref="fl-5"/>
      </object_component>
      <object_component id="oc-1ef">
         <name>.text:_pconv_a</name>
         <load_address>0xe88</load_address>
         <run_address>0xe88</run_address>
         <size>0x270</size>
         <input_file_ref idref="fl-cf"/>
      </object_component>
      <object_component id="oc-1dd">
         <name>.text:_pconv_g</name>
         <load_address>0x10f8</load_address>
         <run_address>0x10f8</run_address>
         <size>0x1d0</size>
         <input_file_ref idref="fl-cf"/>
      </object_component>
      <object_component id="oc-26f">
         <name>.text</name>
         <load_address>0x12c8</load_address>
         <run_address>0x12c8</run_address>
         <size>0x1b6</size>
         <input_file_ref idref="fl-d0"/>
      </object_component>
      <object_component id="oc-79">
         <name>.text</name>
         <load_address>0x1480</load_address>
         <run_address>0x1480</run_address>
         <size>0x1a0</size>
         <input_file_ref idref="fl-9"/>
      </object_component>
      <object_component id="oc-73">
         <name>.text</name>
         <load_address>0x1620</load_address>
         <run_address>0x1620</run_address>
         <size>0x18c</size>
         <input_file_ref idref="fl-7"/>
      </object_component>
      <object_component id="oc-1e9">
         <name>.text:_pconv_e</name>
         <load_address>0x17ac</load_address>
         <run_address>0x17ac</run_address>
         <size>0x13c</size>
         <input_file_ref idref="fl-cf"/>
      </object_component>
      <object_component id="oc-255">
         <name>.text</name>
         <load_address>0x18e8</load_address>
         <run_address>0x18e8</run_address>
         <size>0x136</size>
         <input_file_ref idref="fl-c6"/>
      </object_component>
      <object_component id="oc-281">
         <name>.text:fcvt</name>
         <load_address>0x1a20</load_address>
         <run_address>0x1a20</run_address>
         <size>0x124</size>
         <input_file_ref idref="fl-cf"/>
      </object_component>
      <object_component id="oc-295">
         <name>.text:scalbn</name>
         <load_address>0x1b44</load_address>
         <run_address>0x1b44</run_address>
         <size>0x110</size>
         <input_file_ref idref="fl-e3"/>
      </object_component>
      <object_component id="oc-250">
         <name>.text</name>
         <load_address>0x1c54</load_address>
         <run_address>0x1c54</run_address>
         <size>0xfc</size>
         <input_file_ref idref="fl-c7"/>
      </object_component>
      <object_component id="oc-a5">
         <name>.text</name>
         <load_address>0x1d50</load_address>
         <run_address>0x1d50</run_address>
         <size>0xf0</size>
         <input_file_ref idref="fl-3"/>
      </object_component>
      <object_component id="oc-be">
         <name>.text</name>
         <load_address>0x1e40</load_address>
         <run_address>0x1e40</run_address>
         <size>0xe8</size>
         <input_file_ref idref="fl-2"/>
      </object_component>
      <object_component id="oc-192">
         <name>.text</name>
         <load_address>0x1f28</load_address>
         <run_address>0x1f28</run_address>
         <size>0xd8</size>
         <input_file_ref idref="fl-b"/>
      </object_component>
      <object_component id="oc-1d2">
         <name>.text:_ltostr</name>
         <load_address>0x2000</load_address>
         <run_address>0x2000</run_address>
         <size>0xb1</size>
         <input_file_ref idref="fl-cf"/>
      </object_component>
      <object_component id="oc-37">
         <name>.text</name>
         <load_address>0x20b2</load_address>
         <run_address>0x20b2</run_address>
         <size>0x9c</size>
         <input_file_ref idref="fl-ca"/>
      </object_component>
      <object_component id="oc-249">
         <name>.text</name>
         <load_address>0x214e</load_address>
         <run_address>0x214e</run_address>
         <size>0x96</size>
         <input_file_ref idref="fl-d3"/>
      </object_component>
      <object_component id="oc-1d8">
         <name>.text:__aeabi_cdcmple</name>
         <load_address>0x21e4</load_address>
         <run_address>0x21e4</run_address>
         <size>0x86</size>
         <input_file_ref idref="fl-d1"/>
      </object_component>
      <object_component id="oc-25a">
         <name>.text:__aeabi_cdrcmple</name>
         <load_address>0x226a</load_address>
         <run_address>0x226a</run_address>
         <size>0x86</size>
         <input_file_ref idref="fl-d1"/>
      </object_component>
      <object_component id="oc-6d">
         <name>.text</name>
         <load_address>0x22f0</load_address>
         <run_address>0x22f0</run_address>
         <size>0x7c</size>
         <input_file_ref idref="fl-8"/>
      </object_component>
      <object_component id="oc-99">
         <name>.text</name>
         <load_address>0x236c</load_address>
         <run_address>0x236c</run_address>
         <size>0x7a</size>
         <input_file_ref idref="fl-d2"/>
      </object_component>
      <object_component id="oc-27a">
         <name>.text:_mcpy</name>
         <load_address>0x23e6</load_address>
         <run_address>0x23e6</run_address>
         <size>0x6e</size>
         <input_file_ref idref="fl-cf"/>
      </object_component>
      <object_component id="oc-17">
         <name>.text:decompress:lzss:__TI_decompress_lzss</name>
         <load_address>0x2454</load_address>
         <run_address>0x2454</run_address>
         <size>0x68</size>
         <input_file_ref idref="fl-cd"/>
      </object_component>
      <object_component id="oc-28f">
         <name>.text:frexp</name>
         <load_address>0x24bc</load_address>
         <run_address>0x24bc</run_address>
         <size>0x64</size>
         <input_file_ref idref="fl-e2"/>
      </object_component>
      <object_component id="oc-1e3">
         <name>.text:_pconv_f</name>
         <load_address>0x2520</load_address>
         <run_address>0x2520</run_address>
         <size>0x56</size>
         <input_file_ref idref="fl-cf"/>
      </object_component>
      <object_component id="oc-264">
         <name>.text:__TI_ltoa</name>
         <load_address>0x2576</load_address>
         <run_address>0x2576</run_address>
         <size>0x54</size>
         <input_file_ref idref="fl-d9"/>
      </object_component>
      <object_component id="oc-274">
         <name>.text:_ecpy</name>
         <load_address>0x25ca</load_address>
         <run_address>0x25ca</run_address>
         <size>0x52</size>
         <input_file_ref idref="fl-cf"/>
      </object_component>
      <object_component id="oc-1cc">
         <name>.text:atoi</name>
         <load_address>0x261c</load_address>
         <run_address>0x261c</run_address>
         <size>0x4c</size>
         <input_file_ref idref="fl-db"/>
      </object_component>
      <object_component id="oc-25f">
         <name>.text</name>
         <load_address>0x2668</load_address>
         <run_address>0x2668</run_address>
         <size>0x48</size>
         <input_file_ref idref="fl-c8"/>
      </object_component>
      <object_component id="oc-123">
         <name>.text:__TI_auto_init_nobinit_nopinit:__TI_auto_init_nobinit_nopinit</name>
         <load_address>0x26b0</load_address>
         <run_address>0x26b0</run_address>
         <size>0x44</size>
         <input_file_ref idref="fl-d4"/>
      </object_component>
      <object_component id="oc-287">
         <name>.text:_fcpy</name>
         <load_address>0x26f4</load_address>
         <run_address>0x26f4</run_address>
         <size>0x3e</size>
         <input_file_ref idref="fl-cf"/>
      </object_component>
      <object_component id="oc-55">
         <name>.text:_c_int00_noargs:_c_int00_noargs</name>
         <load_address>0x2734</load_address>
         <run_address>0x2734</run_address>
         <size>0x34</size>
         <input_file_ref idref="fl-ce"/>
      </object_component>
      <object_component id="oc-26a">
         <name>.text</name>
         <load_address>0x2768</load_address>
         <run_address>0x2768</run_address>
         <size>0x2e</size>
         <input_file_ref idref="fl-c9"/>
      </object_component>
      <object_component id="oc-de">
         <name>.text:vsprintf</name>
         <load_address>0x2798</load_address>
         <run_address>0x2798</run_address>
         <size>0x28</size>
         <input_file_ref idref="fl-c5"/>
      </object_component>
      <object_component id="oc-43">
         <name>.text:decompress:ZI:__TI_zero_init_nomemset:__TI_zero_init_nomemset</name>
         <load_address>0x27c0</load_address>
         <run_address>0x27c0</run_address>
         <size>0x1c</size>
         <input_file_ref idref="fl-cb"/>
      </object_component>
      <object_component id="oc-1f5">
         <name>.text:memccpy</name>
         <load_address>0x27dc</load_address>
         <run_address>0x27dc</run_address>
         <size>0x1c</size>
         <input_file_ref idref="fl-dd"/>
      </object_component>
      <object_component id="oc-2f0">
         <name>.text:copysign</name>
         <load_address>0x27f8</load_address>
         <run_address>0x27f8</run_address>
         <size>0x1a</size>
         <input_file_ref idref="fl-e5"/>
      </object_component>
      <object_component id="oc-178">
         <name>.text:_outs</name>
         <load_address>0x2812</load_address>
         <run_address>0x2812</run_address>
         <size>0x18</size>
         <input_file_ref idref="fl-c5"/>
      </object_component>
      <object_component id="oc-29b">
         <name>.text:strchr</name>
         <load_address>0x282a</load_address>
         <run_address>0x282a</run_address>
         <size>0x16</size>
         <input_file_ref idref="fl-de"/>
      </object_component>
      <object_component id="oc-1c6">
         <name>.text:strlen</name>
         <load_address>0x2840</load_address>
         <run_address>0x2840</run_address>
         <size>0x14</size>
         <input_file_ref idref="fl-df"/>
      </object_component>
      <object_component id="oc-1fb">
         <name>.text:wcslen</name>
         <load_address>0x2854</load_address>
         <run_address>0x2854</run_address>
         <size>0x12</size>
         <input_file_ref idref="fl-e1"/>
      </object_component>
      <object_component id="oc-1d">
         <name>.text:decompress:none:__TI_decompress_none</name>
         <load_address>0x2866</load_address>
         <run_address>0x2866</run_address>
         <size>0xe</size>
         <input_file_ref idref="fl-cc"/>
      </object_component>
      <object_component id="oc-67">
         <name>.text</name>
         <load_address>0x2874</load_address>
         <run_address>0x2874</run_address>
         <size>0xe</size>
         <input_file_ref idref="fl-4"/>
      </object_component>
      <object_component id="oc-17e">
         <name>.text:_outc</name>
         <load_address>0x2882</load_address>
         <run_address>0x2882</run_address>
         <size>0xa</size>
         <input_file_ref idref="fl-c5"/>
      </object_component>
      <object_component id="oc-201">
         <name>.text:__aeabi_errno_addr</name>
         <load_address>0x288c</load_address>
         <run_address>0x288c</run_address>
         <size>0x8</size>
         <input_file_ref idref="fl-e0"/>
      </object_component>
      <object_component id="oc-9f">
         <name>.text:_system_pre_init</name>
         <load_address>0x2894</load_address>
         <run_address>0x2894</run_address>
         <size>0x4</size>
         <input_file_ref idref="fl-d5"/>
      </object_component>
      <object_component id="oc-117">
         <name>.text:abort:abort</name>
         <load_address>0x2898</load_address>
         <run_address>0x2898</run_address>
         <size>0x4</size>
         <input_file_ref idref="fl-d7"/>
      </object_component>
      <object_component id="oc-244">
         <name>.const:.string:_ctypes_</name>
         <load_address>0x289c</load_address>
         <run_address>0x289c</run_address>
         <size>0x101</size>
         <input_file_ref idref="fl-dc"/>
      </object_component>
      <object_component id="oc-10a">
         <name>.const:Ingest</name>
         <load_address>0x29a0</load_address>
         <run_address>0x29a0</run_address>
         <size>0x4</size>
         <input_file_ref idref="fl-7"/>
      </object_component>
      <object_component id="oc-107">
         <name>.const:MasterClock</name>
         <load_address>0x29a4</load_address>
         <run_address>0x29a4</run_address>
         <size>0x4</size>
         <input_file_ref idref="fl-8"/>
      </object_component>
      <object_component id="oc-10d">
         <name>.const:Transmitter</name>
         <load_address>0x29a8</load_address>
         <run_address>0x29a8</run_address>
         <size>0x4</size>
         <input_file_ref idref="fl-b"/>
      </object_component>
      <object_component id="oc-34c">
         <name>__TI_handler_table</name>
         <load_address>0x29b0</load_address>
         <run_address>0x29b0</run_address>
         <size>0xc</size>
      </object_component>
      <object_component id="oc-34e">
         <name>.cinit..data.load</name>
         <load_address>0x29bc</load_address>
         <run_address>0x29bc</run_address>
         <size>0xb</size>
      </object_component>
      <object_component id="oc-34f">
         <name>.cinit..bss.load</name>
         <load_address>0x29c8</load_address>
         <run_address>0x29c8</run_address>
         <size>0x8</size>
      </object_component>
      <object_component id="oc-34d">
         <name>__TI_cinit_table</name>
         <load_address>0x29d0</load_address>
         <run_address>0x29d0</run_address>
         <size>0x10</size>
      </object_component>
      <object_component id="oc-320">
         <name>.binit</name>
         <load_address>0x0</load_address>
         <run_address>0x0</run_address>
         <size>0x0</size>
      </object_component>
      <object_component id="oc-155">
         <name>.data</name>
         <load_address>0x20000008</load_address>
         <run_address>0x20000008</run_address>
         <size>0x4</size>
         <input_file_ref idref="fl-5"/>
      </object_component>
      <object_component id="oc-c4">
         <name>.data</name>
         <load_address>0x20000000</load_address>
         <run_address>0x20000000</run_address>
         <size>0x4</size>
         <input_file_ref idref="fl-8"/>
      </object_component>
      <object_component id="oc-2ab">
         <name>.data</name>
         <load_address>0x20000004</load_address>
         <run_address>0x20000004</run_address>
         <size>0x4</size>
         <input_file_ref idref="fl-e0"/>
      </object_component>
      <object_component id="oc-d2">
         <name>.bss</name>
         <uninitialized>true</uninitialized>
         <run_address>0x2000000c</run_address>
         <size>0x2</size>
         <input_file_ref idref="fl-7"/>
      </object_component>
      <object_component id="oc-d3">
         <name>.common:POTvalue</name>
         <uninitialized>true</uninitialized>
         <run_address>0x2000000e</run_address>
         <size>0x2</size>
      </object_component>
      <object_component id="oc-d6">
         <name>.common:PhotoCellvalue</name>
         <uninitialized>true</uninitialized>
         <run_address>0x20000010</run_address>
         <size>0x2</size>
      </object_component>
      <object_component id="oc-d7">
         <name>.common:POTstatus</name>
         <uninitialized>true</uninitialized>
         <run_address>0x20000012</run_address>
         <size>0x1</size>
      </object_component>
      <object_component id="oc-29">
         <name>.stack</name>
         <uninitialized>true</uninitialized>
         <run_address>0x2003fe00</run_address>
         <size>0x4</size>
         <input_file_ref idref="fl-ce"/>
      </object_component>
      <object_component id="oc-351">
         <name>.stack</name>
         <uninitialized>true</uninitialized>
         <run_address>0x2003fe00</run_address>
         <size>0x0</size>
      </object_component>
      <object_component id="oc-18d">
         <name>.debug_info</name>
         <load_address>0x0</load_address>
         <run_address>0x0</run_address>
         <size>0x59a</size>
         <input_file_ref idref="fl-2"/>
      </object_component>
      <object_component id="oc-c1">
         <name>.debug_info</name>
         <load_address>0x59a</load_address>
         <run_address>0x59a</run_address>
         <size>0x18b</size>
         <input_file_ref idref="fl-2"/>
      </object_component>
      <object_component id="oc-219">
         <name>.debug_info</name>
         <load_address>0x725</load_address>
         <run_address>0x725</run_address>
         <size>0x3c27</size>
         <input_file_ref idref="fl-2"/>
      </object_component>
      <object_component id="oc-f2">
         <name>.debug_info</name>
         <load_address>0x434c</load_address>
         <run_address>0x434c</run_address>
         <size>0x26b</size>
         <input_file_ref idref="fl-2"/>
      </object_component>
      <object_component id="oc-169">
         <name>.debug_info</name>
         <load_address>0x45b7</load_address>
         <run_address>0x45b7</run_address>
         <size>0x1055</size>
         <input_file_ref idref="fl-2"/>
      </object_component>
      <object_component id="oc-32">
         <name>.debug_info</name>
         <load_address>0x560c</load_address>
         <run_address>0x560c</run_address>
         <size>0x84</size>
         <input_file_ref idref="fl-2"/>
      </object_component>
      <object_component id="oc-15d">
         <name>.debug_info</name>
         <load_address>0x5690</load_address>
         <run_address>0x5690</run_address>
         <size>0x2a4</size>
         <input_file_ref idref="fl-2"/>
      </object_component>
      <object_component id="oc-c8">
         <name>.debug_info</name>
         <load_address>0x5934</load_address>
         <run_address>0x5934</run_address>
         <size>0xbb</size>
         <input_file_ref idref="fl-2"/>
      </object_component>
      <object_component id="oc-116">
         <name>.debug_info</name>
         <load_address>0x59ef</load_address>
         <run_address>0x59ef</run_address>
         <size>0x70b</size>
         <input_file_ref idref="fl-3"/>
      </object_component>
      <object_component id="oc-a6">
         <name>.debug_info</name>
         <load_address>0x60fa</load_address>
         <run_address>0x60fa</run_address>
         <size>0x39e</size>
         <input_file_ref idref="fl-3"/>
      </object_component>
      <object_component id="oc-164">
         <name>.debug_info</name>
         <load_address>0x6498</load_address>
         <run_address>0x6498</run_address>
         <size>0x3c27</size>
         <input_file_ref idref="fl-3"/>
      </object_component>
      <object_component id="oc-19d">
         <name>.debug_info</name>
         <load_address>0xa0bf</load_address>
         <run_address>0xa0bf</run_address>
         <size>0x9f</size>
         <input_file_ref idref="fl-3"/>
      </object_component>
      <object_component id="oc-d9">
         <name>.debug_info</name>
         <load_address>0xa15e</load_address>
         <run_address>0xa15e</run_address>
         <size>0x77</size>
         <input_file_ref idref="fl-3"/>
      </object_component>
      <object_component id="oc-cd">
         <name>.debug_info</name>
         <load_address>0xa1d5</load_address>
         <run_address>0xa1d5</run_address>
         <size>0x63</size>
         <input_file_ref idref="fl-3"/>
      </object_component>
      <object_component id="oc-eb">
         <name>.debug_info</name>
         <load_address>0xa238</load_address>
         <run_address>0xa238</run_address>
         <size>0x9f</size>
         <input_file_ref idref="fl-3"/>
      </object_component>
      <object_component id="oc-111">
         <name>.debug_info</name>
         <load_address>0xa2d7</load_address>
         <run_address>0xa2d7</run_address>
         <size>0xc7</size>
         <input_file_ref idref="fl-3"/>
      </object_component>
      <object_component id="oc-81">
         <name>.debug_info</name>
         <load_address>0xa39e</load_address>
         <run_address>0xa39e</run_address>
         <size>0x300</size>
         <input_file_ref idref="fl-4"/>
      </object_component>
      <object_component id="oc-27">
         <name>.debug_info</name>
         <load_address>0xa69e</load_address>
         <run_address>0xa69e</run_address>
         <size>0x12c</size>
         <input_file_ref idref="fl-4"/>
      </object_component>
      <object_component id="oc-69">
         <name>.debug_info</name>
         <load_address>0xa7ca</load_address>
         <run_address>0xa7ca</run_address>
         <size>0x1f3</size>
         <input_file_ref idref="fl-4"/>
      </object_component>
      <object_component id="oc-156">
         <name>.debug_info</name>
         <load_address>0xa9bd</load_address>
         <run_address>0xa9bd</run_address>
         <size>0x125</size>
         <input_file_ref idref="fl-5"/>
      </object_component>
      <object_component id="oc-b9">
         <name>.debug_info</name>
         <load_address>0xaae2</load_address>
         <run_address>0xaae2</run_address>
         <size>0x297</size>
         <input_file_ref idref="fl-5"/>
      </object_component>
      <object_component id="oc-d4">
         <name>.debug_info</name>
         <load_address>0xad79</load_address>
         <run_address>0xad79</run_address>
         <size>0x63e</size>
         <input_file_ref idref="fl-7"/>
      </object_component>
      <object_component id="oc-10b">
         <name>.debug_info</name>
         <load_address>0xb3b7</load_address>
         <run_address>0xb3b7</run_address>
         <size>0x10b</size>
         <input_file_ref idref="fl-7"/>
      </object_component>
      <object_component id="oc-76">
         <name>.debug_info</name>
         <load_address>0xb4c2</load_address>
         <run_address>0xb4c2</run_address>
         <size>0x335</size>
         <input_file_ref idref="fl-7"/>
      </object_component>
      <object_component id="oc-16e">
         <name>.debug_info</name>
         <load_address>0xb7f7</load_address>
         <run_address>0xb7f7</run_address>
         <size>0x3b</size>
         <input_file_ref idref="fl-7"/>
      </object_component>
      <object_component id="oc-15c">
         <name>.debug_info</name>
         <load_address>0xb832</load_address>
         <run_address>0xb832</run_address>
         <size>0x5dc</size>
         <input_file_ref idref="fl-8"/>
      </object_component>
      <object_component id="oc-c5">
         <name>.debug_info</name>
         <load_address>0xbe0e</load_address>
         <run_address>0xbe0e</run_address>
         <size>0x113</size>
         <input_file_ref idref="fl-8"/>
      </object_component>
      <object_component id="oc-108">
         <name>.debug_info</name>
         <load_address>0xbf21</load_address>
         <run_address>0xbf21</run_address>
         <size>0x11a</size>
         <input_file_ref idref="fl-8"/>
      </object_component>
      <object_component id="oc-70">
         <name>.debug_info</name>
         <load_address>0xc03b</load_address>
         <run_address>0xc03b</run_address>
         <size>0x2ff</size>
         <input_file_ref idref="fl-8"/>
      </object_component>
      <object_component id="oc-e5">
         <name>.debug_info</name>
         <load_address>0xc33a</load_address>
         <run_address>0xc33a</run_address>
         <size>0x63e</size>
         <input_file_ref idref="fl-9"/>
      </object_component>
      <object_component id="oc-7a">
         <name>.debug_info</name>
         <load_address>0xc978</load_address>
         <run_address>0xc978</run_address>
         <size>0x499</size>
         <input_file_ref idref="fl-9"/>
      </object_component>
      <object_component id="oc-188">
         <name>.debug_info</name>
         <load_address>0xce11</load_address>
         <run_address>0xce11</run_address>
         <size>0x3c27</size>
         <input_file_ref idref="fl-9"/>
      </object_component>
      <object_component id="oc-e6">
         <name>.debug_info</name>
         <load_address>0x10a38</load_address>
         <run_address>0x10a38</run_address>
         <size>0x2c</size>
         <input_file_ref idref="fl-9"/>
      </object_component>
      <object_component id="oc-19a">
         <name>.debug_info</name>
         <load_address>0x10a64</load_address>
         <run_address>0x10a64</run_address>
         <size>0x604</size>
         <input_file_ref idref="fl-b"/>
      </object_component>
      <object_component id="oc-10e">
         <name>.debug_info</name>
         <load_address>0x11068</load_address>
         <run_address>0x11068</run_address>
         <size>0x11a</size>
         <input_file_ref idref="fl-b"/>
      </object_component>
      <object_component id="oc-193">
         <name>.debug_info</name>
         <load_address>0x11182</load_address>
         <run_address>0x11182</run_address>
         <size>0x384</size>
         <input_file_ref idref="fl-b"/>
      </object_component>
      <object_component id="oc-185">
         <name>.debug_info</name>
         <load_address>0x11506</load_address>
         <run_address>0x11506</run_address>
         <size>0x339</size>
         <input_file_ref idref="fl-c5"/>
      </object_component>
      <object_component id="oc-e0">
         <name>.debug_info</name>
         <load_address>0x1183f</load_address>
         <run_address>0x1183f</run_address>
         <size>0x1fa</size>
         <input_file_ref idref="fl-c5"/>
      </object_component>
      <object_component id="oc-17b">
         <name>.debug_info</name>
         <load_address>0x11a39</load_address>
         <run_address>0x11a39</run_address>
         <size>0x190</size>
         <input_file_ref idref="fl-c5"/>
      </object_component>
      <object_component id="oc-180">
         <name>.debug_info</name>
         <load_address>0x11bc9</load_address>
         <run_address>0x11bc9</run_address>
         <size>0x170</size>
         <input_file_ref idref="fl-c5"/>
      </object_component>
      <object_component id="oc-2b2">
         <name>.debug_info</name>
         <load_address>0x11d39</load_address>
         <run_address>0x11d39</run_address>
         <size>0x2c</size>
         <input_file_ref idref="fl-c5"/>
      </object_component>
      <object_component id="oc-256">
         <name>.debug_info</name>
         <load_address>0x11d65</load_address>
         <run_address>0x11d65</run_address>
         <size>0x13a</size>
         <input_file_ref idref="fl-c6"/>
      </object_component>
      <object_component id="oc-252">
         <name>.debug_info</name>
         <load_address>0x11e9f</load_address>
         <run_address>0x11e9f</run_address>
         <size>0x13a</size>
         <input_file_ref idref="fl-c7"/>
      </object_component>
      <object_component id="oc-260">
         <name>.debug_info</name>
         <load_address>0x11fd9</load_address>
         <run_address>0x11fd9</run_address>
         <size>0x12e</size>
         <input_file_ref idref="fl-c8"/>
      </object_component>
      <object_component id="oc-26b">
         <name>.debug_info</name>
         <load_address>0x12107</load_address>
         <run_address>0x12107</run_address>
         <size>0x12c</size>
         <input_file_ref idref="fl-c9"/>
      </object_component>
      <object_component id="oc-38">
         <name>.debug_info</name>
         <load_address>0x12233</load_address>
         <run_address>0x12233</run_address>
         <size>0x119</size>
         <input_file_ref idref="fl-ca"/>
      </object_component>
      <object_component id="oc-98">
         <name>.debug_info</name>
         <load_address>0x1234c</load_address>
         <run_address>0x1234c</run_address>
         <size>0x2d4</size>
         <input_file_ref idref="fl-cb"/>
      </object_component>
      <object_component id="oc-44">
         <name>.debug_info</name>
         <load_address>0x12620</load_address>
         <run_address>0x12620</run_address>
         <size>0x1d2</size>
         <input_file_ref idref="fl-cb"/>
      </object_component>
      <object_component id="oc-93">
         <name>.debug_info</name>
         <load_address>0x127f2</load_address>
         <run_address>0x127f2</run_address>
         <size>0x46</size>
         <input_file_ref idref="fl-cb"/>
      </object_component>
      <object_component id="oc-fe">
         <name>.debug_info</name>
         <load_address>0x12838</load_address>
         <run_address>0x12838</run_address>
         <size>0x2c</size>
         <input_file_ref idref="fl-cb"/>
      </object_component>
      <object_component id="oc-42">
         <name>.debug_info</name>
         <load_address>0x12864</load_address>
         <run_address>0x12864</run_address>
         <size>0x2a8</size>
         <input_file_ref idref="fl-cc"/>
      </object_component>
      <object_component id="oc-20">
         <name>.debug_info</name>
         <load_address>0x12b0c</load_address>
         <run_address>0x12b0c</run_address>
         <size>0x1ea</size>
         <input_file_ref idref="fl-cc"/>
      </object_component>
      <object_component id="oc-3d">
         <name>.debug_info</name>
         <load_address>0x12cf6</load_address>
         <run_address>0x12cf6</run_address>
         <size>0x46</size>
         <input_file_ref idref="fl-cc"/>
      </object_component>
      <object_component id="oc-8b">
         <name>.debug_info</name>
         <load_address>0x12d3c</load_address>
         <run_address>0x12d3c</run_address>
         <size>0x2c</size>
         <input_file_ref idref="fl-cc"/>
      </object_component>
      <object_component id="oc-89">
         <name>.debug_info</name>
         <load_address>0x12d68</load_address>
         <run_address>0x12d68</run_address>
         <size>0x29e</size>
         <input_file_ref idref="fl-cd"/>
      </object_component>
      <object_component id="oc-1b">
         <name>.debug_info</name>
         <load_address>0x13006</load_address>
         <run_address>0x13006</run_address>
         <size>0x250</size>
         <input_file_ref idref="fl-cd"/>
      </object_component>
      <object_component id="oc-2d">
         <name>.debug_info</name>
         <load_address>0x13256</load_address>
         <run_address>0x13256</run_address>
         <size>0x60</size>
         <input_file_ref idref="fl-cd"/>
      </object_component>
      <object_component id="oc-f7">
         <name>.debug_info</name>
         <load_address>0x132b6</load_address>
         <run_address>0x132b6</run_address>
         <size>0x46</size>
         <input_file_ref idref="fl-cd"/>
      </object_component>
      <object_component id="oc-84">
         <name>.debug_info</name>
         <load_address>0x132fc</load_address>
         <run_address>0x132fc</run_address>
         <size>0x39</size>
         <input_file_ref idref="fl-cd"/>
      </object_component>
      <object_component id="oc-2a">
         <name>.debug_info</name>
         <load_address>0x13335</load_address>
         <run_address>0x13335</run_address>
         <size>0x10b</size>
         <input_file_ref idref="fl-ce"/>
      </object_component>
      <object_component id="oc-56">
         <name>.debug_info</name>
         <load_address>0x13440</load_address>
         <run_address>0x13440</run_address>
         <size>0x1a9</size>
         <input_file_ref idref="fl-ce"/>
      </object_component>
      <object_component id="oc-208">
         <name>.debug_info</name>
         <load_address>0x135e9</load_address>
         <run_address>0x135e9</run_address>
         <size>0x590</size>
         <input_file_ref idref="fl-cf"/>
      </object_component>
      <object_component id="oc-1d5">
         <name>.debug_info</name>
         <load_address>0x13b79</load_address>
         <run_address>0x13b79</run_address>
         <size>0x21e</size>
         <input_file_ref idref="fl-cf"/>
      </object_component>
      <object_component id="oc-277">
         <name>.debug_info</name>
         <load_address>0x13d97</load_address>
         <run_address>0x13d97</run_address>
         <size>0x1b3</size>
         <input_file_ref idref="fl-cf"/>
      </object_component>
      <object_component id="oc-27d">
         <name>.debug_info</name>
         <load_address>0x13f4a</load_address>
         <run_address>0x13f4a</run_address>
         <size>0x21b</size>
         <input_file_ref idref="fl-cf"/>
      </object_component>
      <object_component id="oc-1e0">
         <name>.debug_info</name>
         <load_address>0x14165</load_address>
         <run_address>0x14165</run_address>
         <size>0x3c0</size>
         <input_file_ref idref="fl-cf"/>
      </object_component>
      <object_component id="oc-284">
         <name>.debug_info</name>
         <load_address>0x14525</load_address>
         <run_address>0x14525</run_address>
         <size>0x30a</size>
         <input_file_ref idref="fl-cf"/>
      </object_component>
      <object_component id="oc-28a">
         <name>.debug_info</name>
         <load_address>0x1482f</load_address>
         <run_address>0x1482f</run_address>
         <size>0x215</size>
         <input_file_ref idref="fl-cf"/>
      </object_component>
      <object_component id="oc-1e6">
         <name>.debug_info</name>
         <load_address>0x14a44</load_address>
         <run_address>0x14a44</run_address>
         <size>0x215</size>
         <input_file_ref idref="fl-cf"/>
      </object_component>
      <object_component id="oc-1ec">
         <name>.debug_info</name>
         <load_address>0x14c59</load_address>
         <run_address>0x14c59</run_address>
         <size>0x304</size>
         <input_file_ref idref="fl-cf"/>
      </object_component>
      <object_component id="oc-1f2">
         <name>.debug_info</name>
         <load_address>0x14f5d</load_address>
         <run_address>0x14f5d</run_address>
         <size>0x4b5</size>
         <input_file_ref idref="fl-cf"/>
      </object_component>
      <object_component id="oc-174">
         <name>.debug_info</name>
         <load_address>0x15412</load_address>
         <run_address>0x15412</run_address>
         <size>0x5f4</size>
         <input_file_ref idref="fl-cf"/>
      </object_component>
      <object_component id="oc-209">
         <name>.debug_info</name>
         <load_address>0x15a06</load_address>
         <run_address>0x15a06</run_address>
         <size>0x86</size>
         <input_file_ref idref="fl-cf"/>
      </object_component>
      <object_component id="oc-2b7">
         <name>.debug_info</name>
         <load_address>0x15a8c</load_address>
         <run_address>0x15a8c</run_address>
         <size>0x39</size>
         <input_file_ref idref="fl-cf"/>
      </object_component>
      <object_component id="oc-307">
         <name>.debug_info</name>
         <load_address>0x15ac5</load_address>
         <run_address>0x15ac5</run_address>
         <size>0xb6</size>
         <input_file_ref idref="fl-cf"/>
      </object_component>
      <object_component id="oc-2bc">
         <name>.debug_info</name>
         <load_address>0x15b7b</load_address>
         <run_address>0x15b7b</run_address>
         <size>0x46</size>
         <input_file_ref idref="fl-cf"/>
      </object_component>
      <object_component id="oc-20e">
         <name>.debug_info</name>
         <load_address>0x15bc1</load_address>
         <run_address>0x15bc1</run_address>
         <size>0x46</size>
         <input_file_ref idref="fl-cf"/>
      </object_component>
      <object_component id="oc-270">
         <name>.debug_info</name>
         <load_address>0x15c07</load_address>
         <run_address>0x15c07</run_address>
         <size>0x14c</size>
         <input_file_ref idref="fl-d0"/>
      </object_component>
      <object_component id="oc-1db">
         <name>.debug_info</name>
         <load_address>0x15d53</load_address>
         <run_address>0x15d53</run_address>
         <size>0x128</size>
         <input_file_ref idref="fl-d1"/>
      </object_component>
      <object_component id="oc-25c">
         <name>.debug_info</name>
         <load_address>0x15e7b</load_address>
         <run_address>0x15e7b</run_address>
         <size>0x12a</size>
         <input_file_ref idref="fl-d1"/>
      </object_component>
      <object_component id="oc-9a">
         <name>.debug_info</name>
         <load_address>0x15fa5</load_address>
         <run_address>0x15fa5</run_address>
         <size>0x147</size>
         <input_file_ref idref="fl-d2"/>
      </object_component>
      <object_component id="oc-24c">
         <name>.debug_info</name>
         <load_address>0x160ec</load_address>
         <run_address>0x160ec</run_address>
         <size>0x134</size>
         <input_file_ref idref="fl-d3"/>
      </object_component>
      <object_component id="oc-1ad">
         <name>.debug_info</name>
         <load_address>0x16220</load_address>
         <run_address>0x16220</run_address>
         <size>0x4b3</size>
         <input_file_ref idref="fl-d4"/>
      </object_component>
      <object_component id="oc-124">
         <name>.debug_info</name>
         <load_address>0x166d3</load_address>
         <run_address>0x166d3</run_address>
         <size>0x1a6</size>
         <input_file_ref idref="fl-d4"/>
      </object_component>
      <object_component id="oc-231">
         <name>.debug_info</name>
         <load_address>0x16879</load_address>
         <run_address>0x16879</run_address>
         <size>0x39</size>
         <input_file_ref idref="fl-d4"/>
      </object_component>
      <object_component id="oc-2c4">
         <name>.debug_info</name>
         <load_address>0x168b2</load_address>
         <run_address>0x168b2</run_address>
         <size>0x39</size>
         <input_file_ref idref="fl-d4"/>
      </object_component>
      <object_component id="oc-236">
         <name>.debug_info</name>
         <load_address>0x168eb</load_address>
         <run_address>0x168eb</run_address>
         <size>0x39</size>
         <input_file_ref idref="fl-d4"/>
      </object_component>
      <object_component id="oc-23b">
         <name>.debug_info</name>
         <load_address>0x16924</load_address>
         <run_address>0x16924</run_address>
         <size>0xcd</size>
         <input_file_ref idref="fl-d4"/>
      </object_component>
      <object_component id="oc-a3">
         <name>.debug_info</name>
         <load_address>0x169f1</load_address>
         <run_address>0x169f1</run_address>
         <size>0x153</size>
         <input_file_ref idref="fl-d5"/>
      </object_component>
      <object_component id="oc-118">
         <name>.debug_info</name>
         <load_address>0x16b44</load_address>
         <run_address>0x16b44</run_address>
         <size>0x122</size>
         <input_file_ref idref="fl-d7"/>
      </object_component>
      <object_component id="oc-2e2">
         <name>.debug_info</name>
         <load_address>0x16c66</load_address>
         <run_address>0x16c66</run_address>
         <size>0x29c</size>
         <input_file_ref idref="fl-d9"/>
      </object_component>
      <object_component id="oc-265">
         <name>.debug_info</name>
         <load_address>0x16f02</load_address>
         <run_address>0x16f02</run_address>
         <size>0x1da</size>
         <input_file_ref idref="fl-d9"/>
      </object_component>
      <object_component id="oc-248">
         <name>.debug_info</name>
         <load_address>0x170dc</load_address>
         <run_address>0x170dc</run_address>
         <size>0x2b9</size>
         <input_file_ref idref="fl-db"/>
      </object_component>
      <object_component id="oc-1ce">
         <name>.debug_info</name>
         <load_address>0x17395</load_address>
         <run_address>0x17395</run_address>
         <size>0x17c</size>
         <input_file_ref idref="fl-db"/>
      </object_component>
      <object_component id="oc-2d4">
         <name>.debug_info</name>
         <load_address>0x17511</load_address>
         <run_address>0x17511</run_address>
         <size>0xf9</size>
         <input_file_ref idref="fl-dc"/>
      </object_component>
      <object_component id="oc-245">
         <name>.debug_info</name>
         <load_address>0x1760a</load_address>
         <run_address>0x1760a</run_address>
         <size>0x105</size>
         <input_file_ref idref="fl-dc"/>
      </object_component>
      <object_component id="oc-2a3">
         <name>.debug_info</name>
         <load_address>0x1770f</load_address>
         <run_address>0x1770f</run_address>
         <size>0x2a7</size>
         <input_file_ref idref="fl-dd"/>
      </object_component>
      <object_component id="oc-1f6">
         <name>.debug_info</name>
         <load_address>0x179b6</load_address>
         <run_address>0x179b6</run_address>
         <size>0x1b8</size>
         <input_file_ref idref="fl-dd"/>
      </object_component>
      <object_component id="oc-2f9">
         <name>.debug_info</name>
         <load_address>0x17b6e</load_address>
         <run_address>0x17b6e</run_address>
         <size>0x29a</size>
         <input_file_ref idref="fl-de"/>
      </object_component>
      <object_component id="oc-29f">
         <name>.debug_info</name>
         <load_address>0x17e08</load_address>
         <run_address>0x17e08</run_address>
         <size>0x262</size>
         <input_file_ref idref="fl-de"/>
      </object_component>
      <object_component id="oc-243">
         <name>.debug_info</name>
         <load_address>0x1806a</load_address>
         <run_address>0x1806a</run_address>
         <size>0x28f</size>
         <input_file_ref idref="fl-df"/>
      </object_component>
      <object_component id="oc-1c7">
         <name>.debug_info</name>
         <load_address>0x182f9</load_address>
         <run_address>0x182f9</run_address>
         <size>0x245</size>
         <input_file_ref idref="fl-df"/>
      </object_component>
      <object_component id="oc-2af">
         <name>.debug_info</name>
         <load_address>0x1853e</load_address>
         <run_address>0x1853e</run_address>
         <size>0x289</size>
         <input_file_ref idref="fl-e0"/>
      </object_component>
      <object_component id="oc-2ac">
         <name>.debug_info</name>
         <load_address>0x187c7</load_address>
         <run_address>0x187c7</run_address>
         <size>0x10e</size>
         <input_file_ref idref="fl-e0"/>
      </object_component>
      <object_component id="oc-205">
         <name>.debug_info</name>
         <load_address>0x188d5</load_address>
         <run_address>0x188d5</run_address>
         <size>0x14e</size>
         <input_file_ref idref="fl-e0"/>
      </object_component>
      <object_component id="oc-2aa">
         <name>.debug_info</name>
         <load_address>0x18a23</load_address>
         <run_address>0x18a23</run_address>
         <size>0x28f</size>
         <input_file_ref idref="fl-e1"/>
      </object_component>
      <object_component id="oc-1fe">
         <name>.debug_info</name>
         <load_address>0x18cb2</load_address>
         <run_address>0x18cb2</run_address>
         <size>0x15a</size>
         <input_file_ref idref="fl-e1"/>
      </object_component>
      <object_component id="oc-2fc">
         <name>.debug_info</name>
         <load_address>0x18e0c</load_address>
         <run_address>0x18e0c</run_address>
         <size>0x46</size>
         <input_file_ref idref="fl-e1"/>
      </object_component>
      <object_component id="oc-2a5">
         <name>.debug_info</name>
         <load_address>0x18e52</load_address>
         <run_address>0x18e52</run_address>
         <size>0x39</size>
         <input_file_ref idref="fl-e1"/>
      </object_component>
      <object_component id="oc-2ea">
         <name>.debug_info</name>
         <load_address>0x18e8b</load_address>
         <run_address>0x18e8b</run_address>
         <size>0x295</size>
         <input_file_ref idref="fl-e2"/>
      </object_component>
      <object_component id="oc-292">
         <name>.debug_info</name>
         <load_address>0x19120</load_address>
         <run_address>0x19120</run_address>
         <size>0x195</size>
         <input_file_ref idref="fl-e2"/>
      </object_component>
      <object_component id="oc-313">
         <name>.debug_info</name>
         <load_address>0x192b5</load_address>
         <run_address>0x192b5</run_address>
         <size>0x39</size>
         <input_file_ref idref="fl-e2"/>
      </object_component>
      <object_component id="oc-2eb">
         <name>.debug_info</name>
         <load_address>0x192ee</load_address>
         <run_address>0x192ee</run_address>
         <size>0x2c</size>
         <input_file_ref idref="fl-e2"/>
      </object_component>
      <object_component id="oc-2f7">
         <name>.debug_info</name>
         <load_address>0x1931a</load_address>
         <run_address>0x1931a</run_address>
         <size>0x2f8</size>
         <input_file_ref idref="fl-e3"/>
      </object_component>
      <object_component id="oc-297">
         <name>.debug_info</name>
         <load_address>0x19612</load_address>
         <run_address>0x19612</run_address>
         <size>0x225</size>
         <input_file_ref idref="fl-e3"/>
      </object_component>
      <object_component id="oc-2da">
         <name>.debug_info</name>
         <load_address>0x19837</load_address>
         <run_address>0x19837</run_address>
         <size>0x115</size>
         <input_file_ref idref="fl-e4"/>
      </object_component>
      <object_component id="oc-2f1">
         <name>.debug_info</name>
         <load_address>0x1994c</load_address>
         <run_address>0x1994c</run_address>
         <size>0x161</size>
         <input_file_ref idref="fl-e5"/>
      </object_component>
      <object_component id="oc-352">
         <name>.debug_info</name>
         <load_address>0x19aad</load_address>
         <run_address>0x19aad</run_address>
         <size>0xd8</size>
      </object_component>
      <object_component id="oc-218">
         <name>.debug_line</name>
         <load_address>0x0</load_address>
         <run_address>0x0</run_address>
         <size>0x20</size>
         <input_file_ref idref="fl-2"/>
      </object_component>
      <object_component id="oc-bf">
         <name>.debug_line</name>
         <load_address>0x20</load_address>
         <run_address>0x20</run_address>
         <size>0x7a</size>
         <input_file_ref idref="fl-2"/>
      </object_component>
      <object_component id="oc-21c">
         <name>.debug_line</name>
         <load_address>0x9a</load_address>
         <run_address>0x9a</run_address>
         <size>0x58</size>
         <input_file_ref idref="fl-2"/>
      </object_component>
      <object_component id="oc-f5">
         <name>.debug_line</name>
         <load_address>0xf2</load_address>
         <run_address>0xf2</run_address>
         <size>0x6f</size>
         <input_file_ref idref="fl-2"/>
      </object_component>
      <object_component id="oc-16c">
         <name>.debug_line</name>
         <load_address>0x161</load_address>
         <run_address>0x161</run_address>
         <size>0x5b</size>
         <input_file_ref idref="fl-2"/>
      </object_component>
      <object_component id="oc-35">
         <name>.debug_line</name>
         <load_address>0x1bc</load_address>
         <run_address>0x1bc</run_address>
         <size>0x20</size>
         <input_file_ref idref="fl-2"/>
      </object_component>
      <object_component id="oc-160">
         <name>.debug_line</name>
         <load_address>0x1dc</load_address>
         <run_address>0x1dc</run_address>
         <size>0x73</size>
         <input_file_ref idref="fl-2"/>
      </object_component>
      <object_component id="oc-cb">
         <name>.debug_line</name>
         <load_address>0x24f</load_address>
         <run_address>0x24f</run_address>
         <size>0x70</size>
         <input_file_ref idref="fl-2"/>
      </object_component>
      <object_component id="oc-19c">
         <name>.debug_line</name>
         <load_address>0x2bf</load_address>
         <run_address>0x2bf</run_address>
         <size>0x63</size>
         <input_file_ref idref="fl-3"/>
      </object_component>
      <object_component id="oc-aa">
         <name>.debug_line</name>
         <load_address>0x322</load_address>
         <run_address>0x322</run_address>
         <size>0x9c</size>
         <input_file_ref idref="fl-3"/>
      </object_component>
      <object_component id="oc-167">
         <name>.debug_line</name>
         <load_address>0x3be</load_address>
         <run_address>0x3be</run_address>
         <size>0x58</size>
         <input_file_ref idref="fl-3"/>
      </object_component>
      <object_component id="oc-1a0">
         <name>.debug_line</name>
         <load_address>0x416</load_address>
         <run_address>0x416</run_address>
         <size>0x30</size>
         <input_file_ref idref="fl-3"/>
      </object_component>
      <object_component id="oc-dc">
         <name>.debug_line</name>
         <load_address>0x446</load_address>
         <run_address>0x446</run_address>
         <size>0x33</size>
         <input_file_ref idref="fl-3"/>
      </object_component>
      <object_component id="oc-d0">
         <name>.debug_line</name>
         <load_address>0x479</load_address>
         <run_address>0x479</run_address>
         <size>0x38</size>
         <input_file_ref idref="fl-3"/>
      </object_component>
      <object_component id="oc-ee">
         <name>.debug_line</name>
         <load_address>0x4b1</load_address>
         <run_address>0x4b1</run_address>
         <size>0x33</size>
         <input_file_ref idref="fl-3"/>
      </object_component>
      <object_component id="oc-114">
         <name>.debug_line</name>
         <load_address>0x4e4</load_address>
         <run_address>0x4e4</run_address>
         <size>0x38</size>
         <input_file_ref idref="fl-3"/>
      </object_component>
      <object_component id="oc-f1">
         <name>.debug_line</name>
         <load_address>0x51c</load_address>
         <run_address>0x51c</run_address>
         <size>0x40</size>
         <input_file_ref idref="fl-4"/>
      </object_component>
      <object_component id="oc-80">
         <name>.debug_line</name>
         <load_address>0x55c</load_address>
         <run_address>0x55c</run_address>
         <size>0x40</size>
         <input_file_ref idref="fl-4"/>
      </object_component>
      <object_component id="oc-68">
         <name>.debug_line</name>
         <load_address>0x59c</load_address>
         <run_address>0x59c</run_address>
         <size>0x71</size>
         <input_file_ref idref="fl-4"/>
      </object_component>
      <object_component id="oc-1c3">
         <name>.debug_line</name>
         <load_address>0x60d</load_address>
         <run_address>0x60d</run_address>
         <size>0x3b</size>
         <input_file_ref idref="fl-5"/>
      </object_component>
      <object_component id="oc-bb">
         <name>.debug_line</name>
         <load_address>0x648</load_address>
         <run_address>0x648</run_address>
         <size>0x140</size>
         <input_file_ref idref="fl-5"/>
      </object_component>
      <object_component id="oc-163">
         <name>.debug_line</name>
         <load_address>0x788</load_address>
         <run_address>0x788</run_address>
         <size>0x33</size>
         <input_file_ref idref="fl-7"/>
      </object_component>
      <object_component id="oc-191">
         <name>.debug_line</name>
         <load_address>0x7bb</load_address>
         <run_address>0x7bb</run_address>
         <size>0x33</size>
         <input_file_ref idref="fl-7"/>
      </object_component>
      <object_component id="oc-75">
         <name>.debug_line</name>
         <load_address>0x7ee</load_address>
         <run_address>0x7ee</run_address>
         <size>0xe3</size>
         <input_file_ref idref="fl-7"/>
      </object_component>
      <object_component id="oc-170">
         <name>.debug_line</name>
         <load_address>0x8d1</load_address>
         <run_address>0x8d1</run_address>
         <size>0x33</size>
         <input_file_ref idref="fl-7"/>
      </object_component>
      <object_component id="oc-1c5">
         <name>.debug_line</name>
         <load_address>0x904</load_address>
         <run_address>0x904</run_address>
         <size>0x36</size>
         <input_file_ref idref="fl-8"/>
      </object_component>
      <object_component id="oc-15b">
         <name>.debug_line</name>
         <load_address>0x93a</load_address>
         <run_address>0x93a</run_address>
         <size>0x38</size>
         <input_file_ref idref="fl-8"/>
      </object_component>
      <object_component id="oc-18f">
         <name>.debug_line</name>
         <load_address>0x972</load_address>
         <run_address>0x972</run_address>
         <size>0x38</size>
         <input_file_ref idref="fl-8"/>
      </object_component>
      <object_component id="oc-72">
         <name>.debug_line</name>
         <load_address>0x9aa</load_address>
         <run_address>0x9aa</run_address>
         <size>0xb7</size>
         <input_file_ref idref="fl-8"/>
      </object_component>
      <object_component id="oc-187">
         <name>.debug_line</name>
         <load_address>0xa61</load_address>
         <run_address>0xa61</run_address>
         <size>0x33</size>
         <input_file_ref idref="fl-9"/>
      </object_component>
      <object_component id="oc-7d">
         <name>.debug_line</name>
         <load_address>0xa94</load_address>
         <run_address>0xa94</run_address>
         <size>0x13d</size>
         <input_file_ref idref="fl-9"/>
      </object_component>
      <object_component id="oc-18b">
         <name>.debug_line</name>
         <load_address>0xbd1</load_address>
         <run_address>0xbd1</run_address>
         <size>0x58</size>
         <input_file_ref idref="fl-9"/>
      </object_component>
      <object_component id="oc-e9">
         <name>.debug_line</name>
         <load_address>0xc29</load_address>
         <run_address>0xc29</run_address>
         <size>0x6b</size>
         <input_file_ref idref="fl-9"/>
      </object_component>
      <object_component id="oc-220">
         <name>.debug_line</name>
         <load_address>0xc94</load_address>
         <run_address>0xc94</run_address>
         <size>0x20</size>
         <input_file_ref idref="fl-b"/>
      </object_component>
      <object_component id="oc-199">
         <name>.debug_line</name>
         <load_address>0xcb4</load_address>
         <run_address>0xcb4</run_address>
         <size>0x38</size>
         <input_file_ref idref="fl-b"/>
      </object_component>
      <object_component id="oc-197">
         <name>.debug_line</name>
         <load_address>0xcec</load_address>
         <run_address>0xcec</run_address>
         <size>0x98</size>
         <input_file_ref idref="fl-b"/>
      </object_component>
      <object_component id="oc-216">
         <name>.debug_line</name>
         <load_address>0xd84</load_address>
         <run_address>0xd84</run_address>
         <size>0x2e</size>
         <input_file_ref idref="fl-c5"/>
      </object_component>
      <object_component id="oc-df">
         <name>.debug_line</name>
         <load_address>0xdb2</load_address>
         <run_address>0xdb2</run_address>
         <size>0x50</size>
         <input_file_ref idref="fl-c5"/>
      </object_component>
      <object_component id="oc-179">
         <name>.debug_line</name>
         <load_address>0xe02</load_address>
         <run_address>0xe02</run_address>
         <size>0x4c</size>
         <input_file_ref idref="fl-c5"/>
      </object_component>
      <object_component id="oc-17f">
         <name>.debug_line</name>
         <load_address>0xe4e</load_address>
         <run_address>0xe4e</run_address>
         <size>0x40</size>
         <input_file_ref idref="fl-c5"/>
      </object_component>
      <object_component id="oc-2b5">
         <name>.debug_line</name>
         <load_address>0xe8e</load_address>
         <run_address>0xe8e</run_address>
         <size>0x91</size>
         <input_file_ref idref="fl-c5"/>
      </object_component>
      <object_component id="oc-259">
         <name>.debug_line</name>
         <load_address>0xf1f</load_address>
         <run_address>0xf1f</run_address>
         <size>0xa8</size>
         <input_file_ref idref="fl-c6"/>
      </object_component>
      <object_component id="oc-254">
         <name>.debug_line</name>
         <load_address>0xfc7</load_address>
         <run_address>0xfc7</run_address>
         <size>0x8e</size>
         <input_file_ref idref="fl-c7"/>
      </object_component>
      <object_component id="oc-263">
         <name>.debug_line</name>
         <load_address>0x1055</load_address>
         <run_address>0x1055</run_address>
         <size>0x5a</size>
         <input_file_ref idref="fl-c8"/>
      </object_component>
      <object_component id="oc-26e">
         <name>.debug_line</name>
         <load_address>0x10af</load_address>
         <run_address>0x10af</run_address>
         <size>0x50</size>
         <input_file_ref idref="fl-c9"/>
      </object_component>
      <object_component id="oc-3b">
         <name>.debug_line</name>
         <load_address>0x10ff</load_address>
         <run_address>0x10ff</run_address>
         <size>0x88</size>
         <input_file_ref idref="fl-ca"/>
      </object_component>
      <object_component id="oc-104">
         <name>.debug_line</name>
         <load_address>0x1187</load_address>
         <run_address>0x1187</run_address>
         <size>0x92</size>
         <input_file_ref idref="fl-cb"/>
      </object_component>
      <object_component id="oc-47">
         <name>.debug_line</name>
         <load_address>0x1219</load_address>
         <run_address>0x1219</run_address>
         <size>0x4c</size>
         <input_file_ref idref="fl-cb"/>
      </object_component>
      <object_component id="oc-96">
         <name>.debug_line</name>
         <load_address>0x1265</load_address>
         <run_address>0x1265</run_address>
         <size>0x34</size>
         <input_file_ref idref="fl-cb"/>
      </object_component>
      <object_component id="oc-101">
         <name>.debug_line</name>
         <load_address>0x1299</load_address>
         <run_address>0x1299</run_address>
         <size>0x92</size>
         <input_file_ref idref="fl-cb"/>
      </object_component>
      <object_component id="oc-91">
         <name>.debug_line</name>
         <load_address>0x132b</load_address>
         <run_address>0x132b</run_address>
         <size>0x20</size>
         <input_file_ref idref="fl-cc"/>
      </object_component>
      <object_component id="oc-1f">
         <name>.debug_line</name>
         <load_address>0x134b</load_address>
         <run_address>0x134b</run_address>
         <size>0x55</size>
         <input_file_ref idref="fl-cc"/>
      </object_component>
      <object_component id="oc-40">
         <name>.debug_line</name>
         <load_address>0x13a0</load_address>
         <run_address>0x13a0</run_address>
         <size>0x3a</size>
         <input_file_ref idref="fl-cc"/>
      </object_component>
      <object_component id="oc-8e">
         <name>.debug_line</name>
         <load_address>0x13da</load_address>
         <run_address>0x13da</run_address>
         <size>0x92</size>
         <input_file_ref idref="fl-cc"/>
      </object_component>
      <object_component id="oc-fd">
         <name>.debug_line</name>
         <load_address>0x146c</load_address>
         <run_address>0x146c</run_address>
         <size>0x20</size>
         <input_file_ref idref="fl-cd"/>
      </object_component>
      <object_component id="oc-1a">
         <name>.debug_line</name>
         <load_address>0x148c</load_address>
         <run_address>0x148c</run_address>
         <size>0xa9</size>
         <input_file_ref idref="fl-cd"/>
      </object_component>
      <object_component id="oc-30">
         <name>.debug_line</name>
         <load_address>0x1535</load_address>
         <run_address>0x1535</run_address>
         <size>0x3a</size>
         <input_file_ref idref="fl-cd"/>
      </object_component>
      <object_component id="oc-fa">
         <name>.debug_line</name>
         <load_address>0x156f</load_address>
         <run_address>0x156f</run_address>
         <size>0x9a</size>
         <input_file_ref idref="fl-cd"/>
      </object_component>
      <object_component id="oc-87">
         <name>.debug_line</name>
         <load_address>0x1609</load_address>
         <run_address>0x1609</run_address>
         <size>0x96</size>
         <input_file_ref idref="fl-cd"/>
      </object_component>
      <object_component id="oc-83">
         <name>.debug_line</name>
         <load_address>0x169f</load_address>
         <run_address>0x169f</run_address>
         <size>0x33</size>
         <input_file_ref idref="fl-ce"/>
      </object_component>
      <object_component id="oc-59">
         <name>.debug_line</name>
         <load_address>0x16d2</load_address>
         <run_address>0x16d2</run_address>
         <size>0x45</size>
         <input_file_ref idref="fl-ce"/>
      </object_component>
      <object_component id="oc-2b1">
         <name>.debug_line</name>
         <load_address>0x1717</load_address>
         <run_address>0x1717</run_address>
         <size>0x264</size>
         <input_file_ref idref="fl-cf"/>
      </object_component>
      <object_component id="oc-1d4">
         <name>.debug_line</name>
         <load_address>0x197b</load_address>
         <run_address>0x197b</run_address>
         <size>0x7a</size>
         <input_file_ref idref="fl-cf"/>
      </object_component>
      <object_component id="oc-276">
         <name>.debug_line</name>
         <load_address>0x19f5</load_address>
         <run_address>0x19f5</run_address>
         <size>0x51</size>
         <input_file_ref idref="fl-cf"/>
      </object_component>
      <object_component id="oc-27c">
         <name>.debug_line</name>
         <load_address>0x1a46</load_address>
         <run_address>0x1a46</run_address>
         <size>0x88</size>
         <input_file_ref idref="fl-cf"/>
      </object_component>
      <object_component id="oc-1df">
         <name>.debug_line</name>
         <load_address>0x1ace</load_address>
         <run_address>0x1ace</run_address>
         <size>0x14b</size>
         <input_file_ref idref="fl-cf"/>
      </object_component>
      <object_component id="oc-283">
         <name>.debug_line</name>
         <load_address>0x1c19</load_address>
         <run_address>0x1c19</run_address>
         <size>0xec</size>
         <input_file_ref idref="fl-cf"/>
      </object_component>
      <object_component id="oc-289">
         <name>.debug_line</name>
         <load_address>0x1d05</load_address>
         <run_address>0x1d05</run_address>
         <size>0x5d</size>
         <input_file_ref idref="fl-cf"/>
      </object_component>
      <object_component id="oc-1e5">
         <name>.debug_line</name>
         <load_address>0x1d62</load_address>
         <run_address>0x1d62</run_address>
         <size>0x5c</size>
         <input_file_ref idref="fl-cf"/>
      </object_component>
      <object_component id="oc-1eb">
         <name>.debug_line</name>
         <load_address>0x1dbe</load_address>
         <run_address>0x1dbe</run_address>
         <size>0xae</size>
         <input_file_ref idref="fl-cf"/>
      </object_component>
      <object_component id="oc-1f1">
         <name>.debug_line</name>
         <load_address>0x1e6c</load_address>
         <run_address>0x1e6c</run_address>
         <size>0x1ac</size>
         <input_file_ref idref="fl-cf"/>
      </object_component>
      <object_component id="oc-173">
         <name>.debug_line</name>
         <load_address>0x2018</load_address>
         <run_address>0x2018</run_address>
         <size>0x76f</size>
         <input_file_ref idref="fl-cf"/>
      </object_component>
      <object_component id="oc-20c">
         <name>.debug_line</name>
         <load_address>0x2787</load_address>
         <run_address>0x2787</run_address>
         <size>0x92</size>
         <input_file_ref idref="fl-cf"/>
      </object_component>
      <object_component id="oc-2ba">
         <name>.debug_line</name>
         <load_address>0x2819</load_address>
         <run_address>0x2819</run_address>
         <size>0x92</size>
         <input_file_ref idref="fl-cf"/>
      </object_component>
      <object_component id="oc-30a">
         <name>.debug_line</name>
         <load_address>0x28ab</load_address>
         <run_address>0x28ab</run_address>
         <size>0x9a</size>
         <input_file_ref idref="fl-cf"/>
      </object_component>
      <object_component id="oc-2bf">
         <name>.debug_line</name>
         <load_address>0x2945</load_address>
         <run_address>0x2945</run_address>
         <size>0x97</size>
         <input_file_ref idref="fl-cf"/>
      </object_component>
      <object_component id="oc-211">
         <name>.debug_line</name>
         <load_address>0x29dc</load_address>
         <run_address>0x29dc</run_address>
         <size>0x2e</size>
         <input_file_ref idref="fl-cf"/>
      </object_component>
      <object_component id="oc-273">
         <name>.debug_line</name>
         <load_address>0x2a0a</load_address>
         <run_address>0x2a0a</run_address>
         <size>0xd2</size>
         <input_file_ref idref="fl-d0"/>
      </object_component>
      <object_component id="oc-1d9">
         <name>.debug_line</name>
         <load_address>0x2adc</load_address>
         <run_address>0x2adc</run_address>
         <size>0x77</size>
         <input_file_ref idref="fl-d1"/>
      </object_component>
      <object_component id="oc-25b">
         <name>.debug_line</name>
         <load_address>0x2b53</load_address>
         <run_address>0x2b53</run_address>
         <size>0x77</size>
         <input_file_ref idref="fl-d1"/>
      </object_component>
      <object_component id="oc-9d">
         <name>.debug_line</name>
         <load_address>0x2bca</load_address>
         <run_address>0x2bca</run_address>
         <size>0x79</size>
         <input_file_ref idref="fl-d2"/>
      </object_component>
      <object_component id="oc-24a">
         <name>.debug_line</name>
         <load_address>0x2c43</load_address>
         <run_address>0x2c43</run_address>
         <size>0x81</size>
         <input_file_ref idref="fl-d3"/>
      </object_component>
      <object_component id="oc-230">
         <name>.debug_line</name>
         <load_address>0x2cc4</load_address>
         <run_address>0x2cc4</run_address>
         <size>0xbf</size>
         <input_file_ref idref="fl-d4"/>
      </object_component>
      <object_component id="oc-127">
         <name>.debug_line</name>
         <load_address>0x2d83</load_address>
         <run_address>0x2d83</run_address>
         <size>0x6f</size>
         <input_file_ref idref="fl-d4"/>
      </object_component>
      <object_component id="oc-234">
         <name>.debug_line</name>
         <load_address>0x2df2</load_address>
         <run_address>0x2df2</run_address>
         <size>0x2e</size>
         <input_file_ref idref="fl-d4"/>
      </object_component>
      <object_component id="oc-2c7">
         <name>.debug_line</name>
         <load_address>0x2e20</load_address>
         <run_address>0x2e20</run_address>
         <size>0x9a</size>
         <input_file_ref idref="fl-d4"/>
      </object_component>
      <object_component id="oc-239">
         <name>.debug_line</name>
         <load_address>0x2eba</load_address>
         <run_address>0x2eba</run_address>
         <size>0x97</size>
         <input_file_ref idref="fl-d4"/>
      </object_component>
      <object_component id="oc-23e">
         <name>.debug_line</name>
         <load_address>0x2f51</load_address>
         <run_address>0x2f51</run_address>
         <size>0x93</size>
         <input_file_ref idref="fl-d4"/>
      </object_component>
      <object_component id="oc-a2">
         <name>.debug_line</name>
         <load_address>0x2fe4</load_address>
[...]
         </cprec>
         <cprec>
            <name>.bss</name>
            <load_address>0x29c8</load_address>
            <load_size>0x8</load_size>
            <run_address>0x2000000c</run_address>
            <run_size>0x7</run_size>
            <compression>zero_init</compression>
         </cprec>
      </cptbl>
   </cptbl_list>
   <handler_table>
      <handler_table_name>__TI_handler_table</handler_table_name>
      <handler>
         <index>0x0</index>
         <name>__TI_decompress_lzss</name>
      </handler>
      <handler>
         <index>0x1</index>
         <name>__TI_decompress_none</name>
      </handler>
      <handler>
         <index>0x2</index>
         <name>__TI_zero_init</name>
      </handler>
   </handler_table>
   <symbol_table>
      <symbol id="sm-1">
         <name>WDTCTL_SYM</name>
         <value>0x4000480c</value>
      </symbol>
      <symbol id="sm-2">
         <name>__start___llvm_prf_cnts</name>
         <value>0x20000000</value>
      </symbol>
      <symbol id="sm-3">
         <name>__stop___llvm_prf_cnts</name>
         <value>0x20000000</value>
      </symbol>
      <symbol id="sm-4">
         <name>__TI_CINIT_Base</name>
         <value>0x29d0</value>
      </symbol>
      <symbol id="sm-5">
         <name>__TI_CINIT_Limit</name>
         <value>0x29e0</value>
      </symbol>
      <symbol id="sm-6">
         <name>__TI_Handler_Table_Base</name>
         <value>0x29b0</value>
      </symbol>
      <symbol id="sm-7">
         <name>__TI_Handler_Table_Limit</name>
         <value>0x29bc</value>
      </symbol>
      <symbol id="sm-8">
         <name>binit</name>
         <value>0xffffffff</value>
      </symbol>
      <symbol id="sm-9">
         <name>__binit__</name>
         <value>0xffffffff</value>
      </symbol>
      <symbol id="sm-a">
         <name>__STACK_SIZE</name>
         <value>0x200</value>
      </symbol>
      <symbol id="sm-b">
         <name>__STACK_END</name>
         <value>0x20040000</value>
      </symbol>
      <symbol id="sm-c">
         <name>__c_args__</name>
         <value>0xffffffff</value>
      </symbol>
      <symbol id="sm-d">
         <name>__TI_pprof_out_hndl</name>
         <value>0xffffffff</value>
      </symbol>
      <symbol id="sm-e">
         <name>__TI_prof_data_start</name>
         <value>0xffffffff</value>
      </symbol>
      <symbol id="sm-f">
         <name>__TI_prof_data_size</name>
         <value>0xffffffff</value>
      </symbol>
      <symbol id="sm-6d">
         <name>error</name>
         <value>0x1ee1</value>
         <object_component_ref idref="oc-be"/>
      </symbol>
      <symbol id="sm-6e">
         <name>configHFXT</name>
         <value>0x1e41</value>
         <object_component_ref idref="oc-be"/>
      </symbol>
      <symbol id="sm-a8">
         <name>mapAnalogReadToTickDelay</name>
         <value>0x1d51</value>
         <object_component_ref idref="oc-a5"/>
      </symbol>
      <symbol id="sm-a9">
         <name>main</name>
         <value>0x1d69</value>
         <object_component_ref idref="oc-a5"/>
      </symbol>
      <symbol id="sm-be">
         <name>Reset_Handler</name>
         <value>0x2875</value>
         <object_component_ref idref="oc-67"/>
      </symbol>
      <symbol id="sm-bf">
         <name>Default_Handler</name>
         <value>0x2881</value>
         <object_component_ref idref="oc-67"/>
      </symbol>
      <symbol id="sm-c0">
         <name>interruptVectors</name>
         <value>0x0</value>
         <object_component_ref idref="oc-26"/>
      </symbol>
      <symbol id="sm-10e">
         <name>SystemInit</name>
         <value>0xdb1</value>
         <object_component_ref idref="oc-b7"/>
      </symbol>
      <symbol id="sm-10f">
         <name>SystemCoreClockUpdate</name>
         <value>0xb39</value>
         <object_component_ref idref="oc-b7"/>
      </symbol>
      <symbol id="sm-110">
         <name>SystemCoreClock</name>
         <value>0x20000008</value>
         <object_component_ref idref="oc-155"/>
      </symbol>
      <symbol id="sm-150">
         <name>POTvalue</name>
         <value>0x2000000e</value>
      </symbol>
      <symbol id="sm-151">
         <name>PhotoCellvalue</name>
         <value>0x20000010</value>
      </symbol>
      <symbol id="sm-152">
         <name>POTstatus</name>
         <value>0x20000012</value>
      </symbol>
      <symbol id="sm-153">
         <name>Ingest</name>
         <value>0x29a0</value>
         <object_component_ref idref="oc-10a"/>
      </symbol>
      <symbol id="sm-154">
         <name>TA1_0_IRQHandler</name>
         <value>0x16b5</value>
         <object_component_ref idref="oc-73"/>
      </symbol>
      <symbol id="sm-155">
         <name>ConfigureAnalogInputTimerA1</name>
         <value>0x1621</value>
         <object_component_ref idref="oc-73"/>
      </symbol>
      <symbol id="sm-17d">
         <name>MasterClock</name>
         <value>0x29a4</value>
         <object_component_ref idref="oc-107"/>
      </symbol>
      <symbol id="sm-17e">
         <name>TA0_N_IRQHandler</name>
         <value>0x2321</value>
         <object_component_ref idref="oc-6d"/>
      </symbol>
      <symbol id="sm-17f">
         <name>getCurrentTimerValue</name>
         <value>0x22f1</value>
         <object_component_ref idref="oc-6d"/>
      </symbol>
      <symbol id="sm-1bb">
         <name>ConfigureUART_A0</name>
         <value>0x1481</value>
         <object_component_ref idref="oc-79"/>
      </symbol>
      <symbol id="sm-1bc">
         <name>EUSCIA0_IRQHandler</name>
         <value>0x1503</value>
         <object_component_ref idref="oc-79"/>
      </symbol>
      <symbol id="sm-1da">
         <name>Transmitter</name>
         <value>0x29a8</value>
         <object_component_ref idref="oc-10d"/>
      </symbol>
      <symbol id="sm-201">
         <name>vsprintf</name>
         <value>0x2799</value>
         <object_component_ref idref="oc-de"/>
      </symbol>
      <symbol id="sm-215">
         <name>__aeabi_ddiv</name>
         <value>0x18e9</value>
         <object_component_ref idref="oc-255"/>
      </symbol>
      <symbol id="sm-220">
         <name>__aeabi_dmul</name>
         <value>0x1c55</value>
         <object_component_ref idref="oc-250"/>
      </symbol>
      <symbol id="sm-22a">
         <name>__aeabi_d2iz</name>
         <value>0x2669</value>
         <object_component_ref idref="oc-25f"/>
      </symbol>
      <symbol id="sm-234">
         <name>__aeabi_i2d</name>
         <value>0x2769</value>
         <object_component_ref idref="oc-26a"/>
      </symbol>
      <symbol id="sm-24f">
         <name>memcpy</name>
         <value>0x20b3</value>
         <object_component_ref idref="oc-37"/>
      </symbol>
      <symbol id="sm-250">
         <name>__aeabi_memcpy</name>
         <value>0x20b3</value>
         <object_component_ref idref="oc-37"/>
      </symbol>
      <symbol id="sm-251">
         <name>__aeabi_memcpy8</name>
         <value>0x20b3</value>
         <object_component_ref idref="oc-37"/>
      </symbol>
      <symbol id="sm-252">
         <name>__aeabi_memcpy4</name>
         <value>0x20b3</value>
         <object_component_ref idref="oc-37"/>
      </symbol>
      <symbol id="sm-26b">
         <name>__TI_zero_init_nomemset</name>
         <value>0x27c1</value>
         <object_component_ref idref="oc-43"/>
      </symbol>
      <symbol id="sm-282">
         <name>__TI_decompress_none</name>
         <value>0x2867</value>
         <object_component_ref idref="oc-1d"/>
      </symbol>
      <symbol id="sm-2a5">
         <name>__TI_decompress_lzss</name>
         <value>0x2455</value>
         <object_component_ref idref="oc-17"/>
      </symbol>
      <symbol id="sm-2b8">
         <name>__stack</name>
         <value>0x2003fe00</value>
         <object_component_ref idref="oc-29"/>
      </symbol>
      <symbol id="sm-2b9">
         <name>_c_int00_noargs</name>
         <value>0x2735</value>
         <object_component_ref idref="oc-55"/>
      </symbol>
      <symbol id="sm-41e">
         <name>__TI_printfi</name>
         <value>0xe9</value>
         <object_component_ref idref="oc-172"/>
      </symbol>
      <symbol id="sm-435">
         <name>__aeabi_dsub</name>
         <value>0x12c9</value>
         <object_component_ref idref="oc-26f"/>
      </symbol>
      <symbol id="sm-436">
         <name>__aeabi_dadd</name>
         <value>0x12d3</value>
         <object_component_ref idref="oc-26f"/>
      </symbol>
      <symbol id="sm-458">
         <name>__aeabi_cdcmpeq</name>
         <value>0x21e5</value>
         <object_component_ref idref="oc-1d8"/>
      </symbol>
      <symbol id="sm-459">
         <name>__aeabi_cdcmple</name>
         <value>0x21e5</value>
         <object_component_ref idref="oc-1d8"/>
      </symbol>
      <symbol id="sm-45a">
         <name>__aeabi_cdrcmple</name>
         <value>0x226b</value>
         <object_component_ref idref="oc-25a"/>
      </symbol>
      <symbol id="sm-469">
         <name>__aeabi_memset</name>
         <value>0x236f</value>
         <object_component_ref idref="oc-99"/>
      </symbol>
      <symbol id="sm-46a">
         <name>memset</name>
         <value>0x2375</value>
         <object_component_ref idref="oc-99"/>
      </symbol>
      <symbol id="sm-46b">
         <name>__aeabi_memset8</name>
         <value>0x236f</value>
         <object_component_ref idref="oc-99"/>
      </symbol>
      <symbol id="sm-46c">
         <name>__aeabi_memset4</name>
         <value>0x236f</value>
         <object_component_ref idref="oc-99"/>
      </symbol>
      <symbol id="sm-46d">
         <name>__aeabi_memclr8</name>
         <value>0x236d</value>
         <object_component_ref idref="oc-99"/>
      </symbol>
      <symbol id="sm-46e">
         <name>__aeabi_memclr4</name>
         <value>0x236d</value>
         <object_component_ref idref="oc-99"/>
      </symbol>
      <symbol id="sm-46f">
         <name>__aeabi_memclr</name>
         <value>0x236d</value>
         <object_component_ref idref="oc-99"/>
      </symbol>
      <symbol id="sm-47c">
         <name>__aeabi_uldivmod</name>
         <value>0x214f</value>
         <object_component_ref idref="oc-249"/>
      </symbol>
      <symbol id="sm-4a4">
         <name>__TI_auto_init_nobinit_nopinit</name>
         <value>0x26b1</value>
         <object_component_ref idref="oc-123"/>
      </symbol>
      <symbol id="sm-4ae">
         <name>_system_pre_init</name>
         <value>0x2895</value>
         <object_component_ref idref="oc-9f"/>
      </symbol>
      <symbol id="sm-4ba">
         <name>C$$EXIT</name>
         <value>0x2899</value>
         <object_component_ref idref="oc-117"/>
      </symbol>
      <symbol id="sm-4bb">
         <name>abort</name>
         <value>0x2899</value>
         <object_component_ref idref="oc-117"/>
      </symbol>
      <symbol id="sm-4cb">
         <name>__TI_ltoa</name>
         <value>0x2577</value>
         <object_component_ref idref="oc-264"/>
      </symbol>
      <symbol id="sm-4e2">
         <name>atoi</name>
         <value>0x261d</value>
         <object_component_ref idref="oc-1cc"/>
      </symbol>
      <symbol id="sm-4ed">
         <name>_ctypes_</name>
         <value>0x289c</value>
         <object_component_ref idref="oc-244"/>
      </symbol>
      <symbol id="sm-4fd">
         <name>memccpy</name>
         <value>0x27dd</value>
         <object_component_ref idref="oc-1f5"/>
      </symbol>
      <symbol id="sm-50d">
         <name>strchr</name>
         <value>0x282b</value>
         <object_component_ref idref="oc-29b"/>
      </symbol>
      <symbol id="sm-51b">
         <name>strlen</name>
         <value>0x2841</value>
         <object_component_ref idref="oc-1c6"/>
      </symbol>
      <symbol id="sm-531">
         <name>__aeabi_errno_addr</name>
         <value>0x288d</value>
         <object_component_ref idref="oc-201"/>
      </symbol>
      <symbol id="sm-532">
         <name>errno</name>
         <value>0x20000004</value>
         <object_component_ref idref="oc-2ab"/>
      </symbol>
      <symbol id="sm-54b">
         <name>wcslen</name>
         <value>0x2855</value>
         <object_component_ref idref="oc-1fb"/>
      </symbol>
      <symbol id="sm-56b">
         <name>frexpl</name>
         <value>0x24bd</value>
         <object_component_ref idref="oc-28f"/>
      </symbol>
      <symbol id="sm-56c">
         <name>frexp</name>
         <value>0x24bd</value>
         <object_component_ref idref="oc-28f"/>
      </symbol>
      <symbol id="sm-589">
         <name>scalbn</name>
         <value>0x1b45</value>
         <object_component_ref idref="oc-295"/>
      </symbol>
      <symbol id="sm-58a">
         <name>scalbnl</name>
         <value>0x1b45</value>
         <object_component_ref idref="oc-295"/>
      </symbol>
      <symbol id="sm-58b">
         <name>ldexpl</name>
         <value>0x1b45</value>
         <object_component_ref idref="oc-295"/>
      </symbol>
      <symbol id="sm-58c">
         <name>ldexp</name>
         <value>0x1b45</value>
         <object_component_ref idref="oc-295"/>
      </symbol>
      <symbol id="sm-596">
         <name>__aeabi_idiv0</name>
         <value>0xb37</value>
         <object_component_ref idref="oc-2d7"/>
      </symbol>
      <symbol id="sm-597">
         <name>__aeabi_ldiv0</name>
         <value>0xb37</value>
         <object_component_ref idref="oc-2d7"/>
      </symbol>
      <symbol id="sm-5a1">
         <name>copysign</name>
         <value>0x27f9</value>
         <object_component_ref idref="oc-2f0"/>
      </symbol>
      <symbol id="sm-5a2">
         <name>copysignl</name>
         <value>0x27f9</value>
         <object_component_ref idref="oc-2f0"/>
      </symbol>
      <symbol id="sm-5a3">
         <name>__TI_static_base__</name>
         <value>0x0</value>
      </symbol>
      <symbol id="sm-5a6">
         <name>__mpu_init</name>
         <value>0x0</value>
      </symbol>
      <symbol id="sm-5a7">
         <name>_system_post_cinit</name>
         <value>0x0</value>
      </symbol>
      <symbol id="sm-5a8">
         <name>NMI_Handler</name>
         <value>0x2881</value>
      </symbol>
      <symbol id="sm-5a9">
         <name>HardFault_Handler</name>
         <value>0x2881</value>
      </symbol>
      <symbol id="sm-5aa">
         <name>MemManage_Handler</name>
         <value>0x2881</value>
      </symbol>
      <symbol id="sm-5ab">
         <name>BusFault_Handler</name>
         <value>0x2881</value>
      </symbol>
      <symbol id="sm-5ac">
         <name>UsageFault_Handler</name>
         <value>0x2881</value>
      </symbol>
      <symbol id="sm-5ad">
         <name>SVC_Handler</name>
         <value>0x2881</value>
      </symbol>
      <symbol id="sm-5ae">
         <name>DebugMon_Handler</name>
         <value>0x2881</value>
      </symbol>
      <symbol id="sm-5af">
         <name>PendSV_Handler</name>
         <value>0x2881</value>
      </symbol>
      <symbol id="sm-5b0">
         <name>SysTick_Handler</name>
         <value>0x2881</value>
      </symbol>
      <symbol id="sm-5b1">
         <name>PSS_IRQHandler</name>
         <value>0x2881</value>
      </symbol>
      <symbol id="sm-5b2">
         <name>CS_IRQHandler</name>
         <value>0x2881</value>
      </symbol>
      <symbol id="sm-5b3">
         <name>PCM_IRQHandler</name>
         <value>0x2881</value>
      </symbol>
      <symbol id="sm-5b4">
         <name>WDT_A_IRQHandler</name>
         <value>0x2881</value>
      </symbol>
      <symbol id="sm-5b5">
         <name>FPU_IRQHandler</name>
         <value>0x2881</value>
      </symbol>
      <symbol id="sm-5b6">
         <name>FLCTL_A_IRQHandler</name>
         <value>0x2881</value>
      </symbol>
      <symbol id="sm-5b7">
         <name>COMP_E0_IRQHandler</name>
         <value>0x2881</value>
      </symbol>
      <symbol id="sm-5b8">
         <name>COMP_E1_IRQHandler</name>
         <value>0x2881</value>
      </symbol>
      <symbol id="sm-5b9">
         <name>TA0_0_IRQHandler</name>
         <value>0x2881</value>
      </symbol>
      <symbol id="sm-5ba">
         <name>TA0_N_IRQHandler</name>
         <value>0x2321</value>
      </symbol>
      <symbol id="sm-5bb">
         <name>TA1_0_IRQHandler</name>
         <value>0x16b5</value>
      </symbol>
      <symbol id="sm-5bc">
         <name>TA1_N_IRQHandler</name>
         <value>0x2881</value>
      </symbol>
      <symbol id="sm-5bd">
         <name>TA2_0_IRQHandler</name>
         <value>0x2881</value>
      </symbol>
      <symbol id="sm-5be">
         <name>TA2_N_IRQHandler</name>
         <value>0x2881</value>
      </symbol>
      <symbol id="sm-5bf">
         <name>TA3_0_IRQHandler</name>
         <value>0x2881</value>
      </symbol>
      <symbol id="sm-5c0">
         <name>TA3_N_IRQHandler</name>
         <value>0x2881</value>
      </symbol>
      <symbol id="sm-5c1">
         <name>EUSCIA0_IRQHandler</name>
         <value>0x1503</value>
      </symbol>
      <symbol id="sm-5c2">
         <name>EUSCIA1_IRQHandler</name>
         <value>0x2881</value>
      </symbol>
      <symbol id="sm-5c3">
         <name>EUSCIA2_IRQHandler</name>
         <value>0x2881</value>
      </symbol>
      <symbol id="sm-5c4">
         <name>EUSCIA3_IRQHandler</name>
         <value>0x2881</value>
      </symbol>
      <symbol id="sm-5c5">
         <name>EUSCIB0_IRQHandler</name>
         <value>0x2881</value>
      </symbol>
      <symbol id="sm-5c6">
         <name>EUSCIB1_IRQHandler</name>
         <value>0x2881</value>
      </symbol>
      <symbol id="sm-5c7">
         <name>EUSCIB2_IRQHandler</name>
         <value>0x2881</value>
      </symbol>
      <symbol id="sm-5c8">
         <name>EUSCIB3_IRQHandler</name>
         <value>0x2881</value>
      </symbol>
      <symbol id="sm-5c9">
         <name>ADC14_IRQHandler</name>
         <value>0x2881</value>
      </symbol>
      <symbol id="sm-5ca">
         <name>T32_INT1_IRQHandler</name>
         <value>0x2881</value>
      </symbol>
      <symbol id="sm-5cb">
         <name>T32_INT2_IRQHandler</name>
         <value>0x2881</value>
      </symbol>
      <symbol id="sm-5cc">
         <name>T32_INTC_IRQHandler</name>
         <value>0x2881</value>
      </symbol>
      <symbol id="sm-5cd">
         <name>AES256_IRQHandler</name>
         <value>0x2881</value>
      </symbol>
      <symbol id="sm-5ce">
         <name>RTC_C_IRQHandler</name>
         <value>0x2881</value>
      </symbol>
      <symbol id="sm-5cf">
         <name>DMA_ERR_IRQHandler</name>
         <value>0x2881</value>
      </symbol>
      <symbol id="sm-5d0">
         <name>DMA_INT3_IRQHandler</name>
         <value>0x2881</value>
      </symbol>
      <symbol id="sm-5d1">
         <name>DMA_INT2_IRQHandler</name>
         <value>0x2881</value>
      </symbol>
      <symbol id="sm-5d2">
         <name>DMA_INT1_IRQHandler</name>
         <value>0x2881</value>
      </symbol>
      <symbol id="sm-5d3">
         <name>DMA_INT0_IRQHandler</name>
         <value>0x2881</value>
      </symbol>
      <symbol id="sm-5d4">
         <name>PORT1_IRQHandler</name>
         <value>0x2881</value>
      </symbol>
      <symbol id="sm-5d5">
         <name>PORT2_IRQHandler</name>
         <value>0x2881</value>
      </symbol>
      <symbol id="sm-5d6">
         <name>PORT3_IRQHandler</name>
         <value>0x2881</value>
      </symbol>
      <symbol id="sm-5d7">
         <name>PORT4_IRQHandler</name>
         <value>0x2881</value>
      </symbol>
      <symbol id="sm-5d8">
         <name>PORT5_IRQHandler</name>
         <value>0x2881</value>
      </symbol>
      <symbol id="sm-5d9">
         <name>PORT6_IRQHandler</name>
         <value>0x2881</value>
      </symbol>
      <symbol id="sm-5da">
         <name>LCD_F_IRQHandler</name>
         <value>0x2881</value>
      </symbol>
   </symbol_table>
   <title>Link successful</title>
</link_info>
