******************************************************************************
                  TI ARM Linker PC v20.2.7                     
******************************************************************************
>> Linked Wed Feb  8 16:56:46 2023

OUTPUT FILE NAME:   <AESA.out>
ENTRY POINT SYMBOL: "_c_int00_noargs"  address: 00002495


MEMORY CONFIGURATION

         name            origin    length      used     unused   attr    fill
----------------------  --------  ---------  --------  --------  ----  --------
  MAIN                  00000000   00200000  00002704  001fd8fc  R  X
  INFO                  00200000   00008000  00000000  00008000  R  X
  SRAM_CODE             01000000   00040000  0000020c  0003fdf4  RW X
  SRAM_DATA             20000000   00040000  0000020c  0003fdf4  RW  


SEGMENT ALLOCATION MAP

run origin  load origin   length   init length attrs members
----------  ----------- ---------- ----------- ----- -------
00000000    00000000    00002704   00002704    r-x
  00000000    00000000    000000e8   000000e8    r-- .intvecs
  000000e8    000000e8    000024f8   000024f8    r-x .text
  000025e0    000025e0    00000108   00000108    r-- .const
  000026e8    000026e8    0000001c   0000001c    r-- .cinit
20000000    20000000    0000000c   00000000    rw-
  20000000    20000000    0000000c   00000000    rw- .data
2003fe00    2003fe00    00000200   00000000    rw-
  2003fe00    2003fe00    00000200   00000000    rw- .stack


SECTION ALLOCATION MAP

 output                                  attributes/
section   page    origin      length       input sections
--------  ----  ----------  ----------   ----------------
.intvecs   0    00000000    000000e8     
                  00000000    000000e8     startup_msp432p4111_ccs.obj (.intvecs:retain)

.text      0    000000e8    000024f8     
                  000000e8    00000a4e     rtsv7M4_T_le_v4SPD16_eabi.lib : _printfi.c.obj (.text:__TI_printfi)
                  00000b36    00000002                                   : div0.asm.obj (.text)
                  00000b38    00000350     system_msp432p4111.obj (.text)
                  00000e88    00000270     rtsv7M4_T_le_v4SPD16_eabi.lib : _printfi.c.obj (.text:_pconv_a)
                  000010f8    000001d0                                   : _printfi.c.obj (.text:_pconv_g)
                  000012c8    000001b6                                   : fd_add_t2.asm.obj (.text)
                  0000147e    00000002     --HOLE-- [fill = 0]
                  00001480    000001a0     serial.obj (.text)
                  00001620    0000013c     rtsv7M4_T_le_v4SPD16_eabi.lib : _printfi.c.obj (.text:_pconv_e)
                  0000175c    00000136                                   : fd_div_t2.asm.obj (.text)
                  00001892    00000002     --HOLE-- [fill = 0]
                  00001894    00000124                                   : _printfi.c.obj (.text:fcvt)
                  000019b8    00000110                                   : s_scalbn.c.obj (.text:scalbn)
                  00001ac8    000000fc                                   : fd_mul_t2.asm.obj (.text)
                  00001bc4    000000e8     csHFXT.obj (.text)
                  00001cac    000000b1     rtsv7M4_T_le_v4SPD16_eabi.lib : _printfi.c.obj (.text:_ltostr)
                  00001d5d    00000003     --HOLE-- [fill = 0]
                  00001d60    000000b0     main.obj (.text)
                  00001e10    0000009c     rtsv7M4_T_le_v4SPD16_eabi.lib : memcpy_t2.asm.obj (.text)
                  00001eac    00000096                                   : ull_div_t2.asm.obj (.text)
                  00001f42    00000086                                   : fd_cmp_t2.asm.obj (.text:__aeabi_cdcmple)
                  00001fc8    00000086                                   : fd_cmp_t2.asm.obj (.text:__aeabi_cdrcmple)
                  0000204e    00000002     --HOLE-- [fill = 0]
                  00002050    0000007c     masterClock.obj (.text)
                  000020cc    0000007a     rtsv7M4_T_le_v4SPD16_eabi.lib : memset_t2.asm.obj (.text)
                  00002146    0000006e                                   : _printfi.c.obj (.text:_mcpy)
                  000021b4    00000068                                   : copy_decompress_lzss.c.obj (.text:decompress:lzss:__TI_decompress_lzss)
                  0000221c    00000064                                   : s_frexp.c.obj (.text:frexp)
                  00002280    00000056                                   : _printfi.c.obj (.text:_pconv_f)
                  000022d6    00000054                                   : _ltoa.c.obj (.text:__TI_ltoa)
                  0000232a    00000052                                   : _printfi.c.obj (.text:_ecpy)
                  0000237c    0000004c                                   : atoi.c.obj (.text:atoi)
                  000023c8    00000048                                   : fd_toi_t2.asm.obj (.text)
                  00002410    00000044                                   : autoinit.c.obj (.text:__TI_auto_init_nobinit_nopinit:__TI_auto_init_nobinit_nopinit)
                  00002454    0000003e                                   : _printfi.c.obj (.text:_fcpy)
                  00002492    00000002     --HOLE-- [fill = 0]
                  00002494    00000034                                   : boot_cortex_m.c.obj (.text:_c_int00_noargs:_c_int00_noargs)
                  000024c8    0000002e                                   : i_tofd_t2.asm.obj (.text)
                  000024f6    00000002     --HOLE-- [fill = 0]
                  000024f8    00000028                                   : vsprintf.c.obj (.text:vsprintf)
                  00002520    0000001c                                   : memccpy.c.obj (.text:memccpy)
                  0000253c    0000001a                                   : s_copysign.c.obj (.text:copysign)
                  00002556    00000018                                   : vsprintf.c.obj (.text:_outs)
                  0000256e    00000016                                   : strchr.c.obj (.text:strchr)
                  00002584    00000014                                   : strlen.c.obj (.text:strlen)
                  00002598    00000012                                   : wcslen.c.obj (.text:wcslen)
                  000025aa    0000000e                                   : copy_decompress_none.c.obj (.text:decompress:none:__TI_decompress_none)
                  000025b8    0000000e     startup_msp432p4111_ccs.obj (.text)
                  000025c6    0000000a     rtsv7M4_T_le_v4SPD16_eabi.lib : vsprintf.c.obj (.text:_outc)
                  000025d0    00000008                                   : errno.c.obj (.text:__aeabi_errno_addr)
                  000025d8    00000004                                   : pre_init.c.obj (.text:_system_pre_init)
                  000025dc    00000004                                   : exit.c.obj (.text:abort:abort)

.const     0    000025e0    00000108     
                  000025e0    00000101     rtsv7M4_T_le_v4SPD16_eabi.lib : ctype.c.obj (.const:.string:_ctypes_)
                  000026e1    00000003     --HOLE-- [fill = 0]
                  000026e4    00000004     masterClock.obj (.const:MasterClock)

.cinit     0    000026e8    0000001c     
                  000026e8    0000000b     (.cinit..data.load) [load image, compression = lzss]
                  000026f3    00000001     --HOLE-- [fill = 0]
                  000026f4    00000008     (__TI_handler_table)
                  000026fc    00000008     (__TI_cinit_table)

.init_array 
*          0    00000000    00000000     UNINITIALIZED

.binit     0    00000000    00000000     

.data      0    20000000    0000000c     UNINITIALIZED
                  20000000    00000004     masterClock.obj (.data)
                  20000004    00000004     rtsv7M4_T_le_v4SPD16_eabi.lib : errno.c.obj (.data)
                  20000008    00000004     system_msp432p4111.obj (.data)

.stack     0    2003fe00    00000200     UNINITIALIZED
                  2003fe00    00000004     rtsv7M4_T_le_v4SPD16_eabi.lib : boot_cortex_m.c.obj (.stack)
                  2003fe04    000001fc     --HOLE--

__llvm_prf_cnts 
*          0    20000000    00000000     UNINITIALIZED

MODULE SUMMARY

       Module                        code   ro data   rw data
       ------                        ----   -------   -------
    .\
       system_msp432p4111.obj        848    0         8      
       startup_msp432p4111_ccs.obj   14     232       0      
       csHFXT.obj                    232    0         0      
       main.obj                      176    0         0      
    +--+-----------------------------+------+---------+---------+
       Total:                        1270   232       8      
                                                             
    .\lib\
       serial.obj                    416    0         0      
       masterClock.obj               124    4         8      
    +--+-----------------------------+------+---------+---------+
       Total:                        540    4         8      
                                                             
    C:\ti\ccs1210\ccs\tools\compiler\ti-cgt-arm_20.2.7.LTS\lib\rtsv7M4_T_le_v4SPD16_eabi.lib
       _printfi.c.obj                4851   0         0      
       fd_add_t2.asm.obj             438    0         0      
       fd_div_t2.asm.obj             310    0         0      
       s_scalbn.c.obj                272    0         0      
       fd_cmp_t2.asm.obj             268    0         0      
       ctype.c.obj                   0      257       0      
       fd_mul_t2.asm.obj             252    0         0      
       memcpy_t2.asm.obj             156    0         0      
       ull_div_t2.asm.obj            150    0         0      
       memset_t2.asm.obj             122    0         0      
       copy_decompress_lzss.c.obj    104    0         0      
       s_frexp.c.obj                 100    0         0      
       _ltoa.c.obj                   84     0         0      
       atoi.c.obj                    76     0         0      
       vsprintf.c.obj                74     0         0      
       fd_toi_t2.asm.obj             72     0         0      
       autoinit.c.obj                68     0         0      
       boot_cortex_m.c.obj           52     0         0      
       i_tofd_t2.asm.obj             46     0         0      
       memccpy.c.obj                 28     0         0      
       s_copysign.c.obj              26     0         0      
       strchr.c.obj                  22     0         0      
       strlen.c.obj                  20     0         0      
       wcslen.c.obj                  18     0         0      
       errno.c.obj                   8      0         8      
       copy_decompress_none.c.obj    14     0         0      
       exit.c.obj                    4      0         0      
       pre_init.c.obj                4      0         0      
       div0.asm.obj                  2      0         0      
    +--+-----------------------------+------+---------+---------+
       Total:                        7641   257       8      
                                                             
       Stack:                        0      0         1024   
       Linker Generated:             0      27        0      
    +--+-----------------------------+------+---------+---------+
       Grand Total:                  9451   520       1048   


LINKER GENERATED COPY TABLES

__TI_cinit_table @ 000026fc records: 1, size/record: 8, table size: 8
	.data: load addr=000026e8, load size=0000000b bytes, run addr=20000000, run size=0000000c bytes, compression=lzss


LINKER GENERATED HANDLER TABLE

__TI_handler_table @ 000026f4 records: 2, size/record: 4, table size: 8
	index: 0, handler: __TI_decompress_lzss
	index: 1, handler: __TI_decompress_none


GLOBAL SYMBOLS: SORTED ALPHABETICALLY BY Name 

address   name                          
-------   ----                          
000025c5  ADC14_IRQHandler              
000025c5  AES256_IRQHandler             
000025c5  BusFault_Handler              
000025dd  C$$EXIT                       
000025c5  COMP_E0_IRQHandler            
000025c5  COMP_E1_IRQHandler            
000025c5  CS_IRQHandler                 
00001481  ConfigureUART_A0              
000025c5  DMA_ERR_IRQHandler            
000025c5  DMA_INT0_IRQHandler           
000025c5  DMA_INT1_IRQHandler           
000025c5  DMA_INT2_IRQHandler           
000025c5  DMA_INT3_IRQHandler           
000025c5  DebugMon_Handler              
000025c5  Default_Handler               
00001503  EUSCIA0_IRQHandler            
00001503  EUSCIA0_IRQHandler            
000025c5  EUSCIA1_IRQHandler            
000025c5  EUSCIA2_IRQHandler            
000025c5  EUSCIA3_IRQHandler            
000025c5  EUSCIB0_IRQHandler            
000025c5  EUSCIB1_IRQHandler            
000025c5  EUSCIB2_IRQHandler            
000025c5  EUSCIB3_IRQHandler            
000025c5  FLCTL_A_IRQHandler            
000025c5  FPU_IRQHandler                
000025c5  HardFault_Handler             
000025c5  LCD_F_IRQHandler              
000026e4  MasterClock                   
000025c5  MemManage_Handler             
000025c5  NMI_Handler                   
000025c5  PCM_IRQHandler                
000025c5  PORT1_IRQHandler              
000025c5  PORT2_IRQHandler              
000025c5  PORT3_IRQHandler              
000025c5  PORT4_IRQHandler              
000025c5  PORT5_IRQHandler              
000025c5  PORT6_IRQHandler              
000025c5  PSS_IRQHandler                
000025c5  PendSV_Handler                
000025c5  RTC_C_IRQHandler              
000025b9  Reset_Handler                 
000025c5  SVC_Handler                   
000025c5  SysTick_Handler               
20000008  SystemCoreClock               
00000b39  SystemCoreClockUpdate         
00000db1  SystemInit                    
000025c5  T32_INT1_IRQHandler           
000025c5  T32_INT2_IRQHandler           
000025c5  T32_INTC_IRQHandler           
000025c5  TA0_0_IRQHandler              
00002081  TA0_N_IRQHandler              
00002081  TA0_N_IRQHandler              
000025c5  TA1_0_IRQHandler              
000025c5  TA1_N_IRQHandler              
000025c5  TA2_0_IRQHandler              
000025c5  TA2_N_IRQHandler              
000025c5  TA3_0_IRQHandler              
000025c5  TA3_N_IRQHandler              
000025c5  UsageFault_Handler            
4000480c  WDTCTL_SYM                    
000025c5  WDT_A_IRQHandler              
20040000  __STACK_END                   
00000200  __STACK_SIZE                  
000026fc  __TI_CINIT_Base               
00002704  __TI_CINIT_Limit              
000026f4  __TI_Handler_Table_Base       
000026fc  __TI_Handler_Table_Limit      
00002411  __TI_auto_init_nobinit_nopinit
000021b5  __TI_decompress_lzss          
000025ab  __TI_decompress_none          
000022d7  __TI_ltoa                     
ffffffff  __TI_pprof_out_hndl           
000000e9  __TI_printfi                  
ffffffff  __TI_prof_data_size           
ffffffff  __TI_prof_data_start          
00000000  __TI_static_base__            
00001f43  __aeabi_cdcmpeq               
00001f43  __aeabi_cdcmple               
00001fc9  __aeabi_cdrcmple              
000023c9  __aeabi_d2iz                  
000012d3  __aeabi_dadd                  
0000175d  __aeabi_ddiv                  
00001ac9  __aeabi_dmul                  
000012c9  __aeabi_dsub                  
000025d1  __aeabi_errno_addr            
000024c9  __aeabi_i2d                   
00000b37  __aeabi_idiv0                 
00000b37  __aeabi_ldiv0                 
000020cd  __aeabi_memclr                
000020cd  __aeabi_memclr4               
000020cd  __aeabi_memclr8               
00001e11  __aeabi_memcpy                
00001e11  __aeabi_memcpy4               
00001e11  __aeabi_memcpy8               
000020cf  __aeabi_memset                
000020cf  __aeabi_memset4               
000020cf  __aeabi_memset8               
00001ead  __aeabi_uldivmod              
ffffffff  __binit__                     
ffffffff  __c_args__                    
UNDEFED   __mpu_init                    
2003fe00  __stack                       
20000000  __start___llvm_prf_cnts       
20000000  __stop___llvm_prf_cnts        
00002495  _c_int00_noargs               
000025e0  _ctypes_                      
UNDEFED   _system_post_cinit            
000025d9  _system_pre_init              
000025dd  abort                         
0000237d  atoi                          
ffffffff  binit                         
00001bc5  configHFXT                    
0000253d  copysign                      
0000253d  copysignl                     
20000004  errno                         
00001c65  error                         
0000221d  frexp                         
0000221d  frexpl                        
00002051  getCurrentTimerValue          
00002057  init                          
00000000  interruptVectors              
000019b9  ldexp                         
000019b9  ldexpl                        
00001d61  main                          
00002521  memccpy                       
00001e11  memcpy                        
000020d5  memset                        
000019b9  scalbn                        
000019b9  scalbnl                       
0000256f  strchr                        
00002585  strlen                        
000024f9  vsprintf                      
00002599  wcslen                        


GLOBAL SYMBOLS: SORTED BY Symbol Address 

address   name                          
-------   ----                          
00000000  __TI_static_base__            
00000000  interruptVectors              
000000e9  __TI_printfi                  
00000200  __STACK_SIZE                  
00000b37  __aeabi_idiv0                 
00000b37  __aeabi_ldiv0                 
00000b39  SystemCoreClockUpdate         
00000db1  SystemInit                    
000012c9  __aeabi_dsub                  
000012d3  __aeabi_dadd                  
00001481  ConfigureUART_A0              
00001503  EUSCIA0_IRQHandler            
00001503  EUSCIA0_IRQHandler            
0000175d  __aeabi_ddiv                  
000019b9  ldexp                         
000019b9  ldexpl                        
000019b9  scalbn                        
000019b9  scalbnl                       
00001ac9  __aeabi_dmul                  
00001bc5  configHFXT                    
00001c65  error                         
00001d61  main                          
00001e11  __aeabi_memcpy                
00001e11  __aeabi_memcpy4               
00001e11  __aeabi_memcpy8               
00001e11  memcpy                        
00001ead  __aeabi_uldivmod              
00001f43  __aeabi_cdcmpeq               
00001f43  __aeabi_cdcmple               
00001fc9  __aeabi_cdrcmple              
00002051  getCurrentTimerValue          
00002057  init                          
00002081  TA0_N_IRQHandler              
00002081  TA0_N_IRQHandler              
000020cd  __aeabi_memclr                
000020cd  __aeabi_memclr4               
000020cd  __aeabi_memclr8               
000020cf  __aeabi_memset                
000020cf  __aeabi_memset4               
000020cf  __aeabi_memset8               
000020d5  memset                        
000021b5  __TI_decompress_lzss          
0000221d  frexp                         
0000221d  frexpl                        
000022d7  __TI_ltoa                     
0000237d  atoi                          
000023c9  __aeabi_d2iz                  
00002411  __TI_auto_init_nobinit_nopinit
00002495  _c_int00_noargs               
000024c9  __aeabi_i2d                   
000024f9  vsprintf                      
00002521  memccpy                       
0000253d  copysign                      
0000253d  copysignl                     
0000256f  strchr                        
00002585  strlen                        
00002599  wcslen                        
000025ab  __TI_decompress_none          
000025b9  Reset_Handler                 
000025c5  ADC14_IRQHandler              
000025c5  AES256_IRQHandler             
000025c5  BusFault_Handler              
000025c5  COMP_E0_IRQHandler            
000025c5  COMP_E1_IRQHandler            
000025c5  CS_IRQHandler                 
000025c5  DMA_ERR_IRQHandler            
000025c5  DMA_INT0_IRQHandler           
000025c5  DMA_INT1_IRQHandler           
000025c5  DMA_INT2_IRQHandler           
000025c5  DMA_INT3_IRQHandler           
000025c5  DebugMon_Handler              
000025c5  Default_Handler               
000025c5  EUSCIA1_IRQHandler            
000025c5  EUSCIA2_IRQHandler            
000025c5  EUSCIA3_IRQHandler            
000025c5  EUSCIB0_IRQHandler            
000025c5  EUSCIB1_IRQHandler            
000025c5  EUSCIB2_IRQHandler            
000025c5  EUSCIB3_IRQHandler            
000025c5  FLCTL_A_IRQHandler            
000025c5  FPU_IRQHandler                
000025c5  HardFault_Handler             
000025c5  LCD_F_IRQHandler              
000025c5  MemManage_Handler             
000025c5  NMI_Handler                   
000025c5  PCM_IRQHandler                
000025c5  PORT1_IRQHandler              
000025c5  PORT2_IRQHandler              
000025c5  PORT3_IRQHandler              
000025c5  PORT4_IRQHandler              
000025c5  PORT5_IRQHandler              
000025c5  PORT6_IRQHandler              
000025c5  PSS_IRQHandler                
000025c5  PendSV_Handler                
000025c5  RTC_C_IRQHandler              
000025c5  SVC_Handler                   
000025c5  SysTick_Handler               
000025c5  T32_INT1_IRQHandler           
000025c5  T32_INT2_IRQHandler           
000025c5  T32_INTC_IRQHandler           
000025c5  TA0_0_IRQHandler              
000025c5  TA1_0_IRQHandler              
000025c5  TA1_N_IRQHandler              
000025c5  TA2_0_IRQHandler              
000025c5  TA2_N_IRQHandler              
000025c5  TA3_0_IRQHandler              
000025c5  TA3_N_IRQHandler              
000025c5  UsageFault_Handler            
000025c5  WDT_A_IRQHandler              
000025d1  __aeabi_errno_addr            
000025d9  _system_pre_init              
000025dd  C$$EXIT                       
000025dd  abort                         
000025e0  _ctypes_                      
000026e4  MasterClock                   
000026f4  __TI_Handler_Table_Base       
000026fc  __TI_CINIT_Base               
000026fc  __TI_Handler_Table_Limit      
00002704  __TI_CINIT_Limit              
20000000  __start___llvm_prf_cnts       
20000000  __stop___llvm_prf_cnts        
20000004  errno                         
20000008  SystemCoreClock               
2003fe00  __stack                       
20040000  __STACK_END                   
4000480c  WDTCTL_SYM                    
ffffffff  __TI_pprof_out_hndl           
ffffffff  __TI_prof_data_size           
ffffffff  __TI_prof_data_start          
ffffffff  __binit__                     
ffffffff  __c_args__                    
ffffffff  binit                         
UNDEFED   __mpu_init                    
UNDEFED   _system_post_cinit            

[134 symbols]
